Archive member included because of file (symbol)

c:/program files (x86)/microchip/xc32/v1.30/bin/../lib/gcc/pic32mx/4.5.2/../../../../pic32mx/lib\libm.a(w_pow.o)
                              build/default/production/source/mpu6050.o (pow)
c:/program files (x86)/microchip/xc32/v1.30/bin/../lib/gcc/pic32mx/4.5.2/../../../../pic32mx/lib\libm.a(arc32.o)
                              build/default/production/source/mpu6050.o (atan)
c:/program files (x86)/microchip/xc32/v1.30/bin/../lib/gcc/pic32mx/4.5.2/../../../../pic32mx/lib\libm.a(func32.o)
                              c:/program files (x86)/microchip/xc32/v1.30/bin/../lib/gcc/pic32mx/4.5.2/../../../../pic32mx/lib\libm.a(arc32.o) (sigmax)
c:/program files (x86)/microchip/xc32/v1.30/bin/../lib/gcc/pic32mx/4.5.2/../../../../pic32mx/lib\libm.a(dp32.o)
                              c:/program files (x86)/microchip/xc32/v1.30/bin/../lib/gcc/pic32mx/4.5.2/../../../../pic32mx/lib\libm.a(w_pow.o) (dpcmp)
c:/program files (x86)/microchip/xc32/v1.30/bin/../lib/gcc/pic32mx/4.5.2/../../../../pic32mx/lib\libm.a(sqrt32.o)
                              c:/program files (x86)/microchip/xc32/v1.30/bin/../lib/gcc/pic32mx/4.5.2/../../../../pic32mx/lib\libm.a(arc32.o) (exsqrt)
c:/program files (x86)/microchip/xc32/v1.30/bin/../lib/gcc/pic32mx/4.5.2/../../../../pic32mx/lib\libm.a(w_sqrt.o)
                              build/default/production/source/mpu6050.o (sqrt)
c:/program files (x86)/microchip/xc32/v1.30/bin/../lib/gcc/pic32mx/4.5.2/../../../../pic32mx/lib\libm.a(fp32.o)
                              build/default/production/source/mpu6050.o (fpadd)
c:/program files (x86)/microchip/xc32/v1.30/bin/../lib/gcc/pic32mx/4.5.2/../../../../pic32mx/lib\libm.a(s_lib_ver.o)
                              c:/program files (x86)/microchip/xc32/v1.30/bin/../lib/gcc/pic32mx/4.5.2/../../../../pic32mx/lib\libm.a(w_pow.o) (math_errhandling)
c:/program files (x86)/microchip/xc32/v1.30/bin/../lib/gcc/pic32mx/4.5.2/../../../../pic32mx/lib\libm.a(mod32.o)
                              c:/program files (x86)/microchip/xc32/v1.30/bin/../lib/gcc/pic32mx/4.5.2/../../../../pic32mx/lib\libm.a(w_pow.o) (modf)
c:/program files (x86)/microchip/xc32/v1.30/bin/../lib/gcc/pic32mx/4.5.2/../../../../pic32mx/lib\libm.a(pow32.o)
                              c:/program files (x86)/microchip/xc32/v1.30/bin/../lib/gcc/pic32mx/4.5.2/../../../../pic32mx/lib\libm.a(w_pow.o) (__mchp_pow)
c:/program files (x86)/microchip/xc32/v1.30/bin/../lib/gcc/pic32mx/4.5.2/../../../../pic32mx/lib\libm.a(log32.o)
                              c:/program files (x86)/microchip/xc32/v1.30/bin/../lib/gcc/pic32mx/4.5.2/../../../../pic32mx/lib\libm.a(pow32.o) (exlog)
c:/program files (x86)/microchip/xc32/v1.30/bin/../lib/gcc/pic32mx/4.5.2/../../../../pic32mx/lib\libm.a(exp32.o)
                              c:/program files (x86)/microchip/xc32/v1.30/bin/../lib/gcc/pic32mx/4.5.2/../../../../pic32mx/lib\libm.a(pow32.o) (exexp)
c:/program files (x86)/microchip/xc32/v1.30/bin/../lib/gcc/pic32mx/4.5.2/../../../../pic32mx/lib\libmchp_peripheral_32MX250F128B.a(int_enable_mv_int_lib.o)
                              build/default/production/source/main.o (INTEnableSystemMultiVectoredInt)
c:/program files (x86)/microchip/xc32/v1.30/bin/../lib/gcc/pic32mx/4.5.2/../../../../pic32mx/lib\libmchp_peripheral_32MX250F128B.a(uart_lib.o)
                              build/default/production/source/main.o (UARTEnable)
c:/program files (x86)/microchip/xc32/v1.30/bin/../lib/gcc/pic32mx/4.5.2/../../../../pic32mx/lib\libmchp_peripheral_32MX250F128B.a(I2CBusIsIdle.o)
                              build/default/production/source/main.o (I2CBusIsIdle)
c:/program files (x86)/microchip/xc32/v1.30/bin/../lib/gcc/pic32mx/4.5.2/../../../../pic32mx/lib\libmchp_peripheral_32MX250F128B.a(I2CByteWasAcknowledged.o)
                              build/default/production/source/main.o (I2CByteWasAcknowledged)
c:/program files (x86)/microchip/xc32/v1.30/bin/../lib/gcc/pic32mx/4.5.2/../../../../pic32mx/lib\libmchp_peripheral_32MX250F128B.a(I2CEnable.o)
                              build/default/production/source/mpu6050.o (I2CEnable)
c:/program files (x86)/microchip/xc32/v1.30/bin/../lib/gcc/pic32mx/4.5.2/../../../../pic32mx/lib\libmchp_peripheral_32MX250F128B.a(I2CGetByte.o)
                              build/default/production/source/main.o (I2CGetByte)
c:/program files (x86)/microchip/xc32/v1.30/bin/../lib/gcc/pic32mx/4.5.2/../../../../pic32mx/lib\libmchp_peripheral_32MX250F128B.a(I2CGetStatus.o)
                              build/default/production/source/main.o (I2CGetStatus)
c:/program files (x86)/microchip/xc32/v1.30/bin/../lib/gcc/pic32mx/4.5.2/../../../../pic32mx/lib\libmchp_peripheral_32MX250F128B.a(I2CReceivedDataIsAvailable.o)
                              build/default/production/source/main.o (I2CReceivedDataIsAvailable)
[...]
Memory Configuration

Name             Origin             Length             Attributes
kseg0_program_mem 0x9d000000         0x0001f000         xr
exception_mem    0x9d01f000         0x00001000
debug_exec_mem   0x9fc00490         0x00000760
kseg0_boot_mem   0x9fc00490         0x00000000
kseg1_boot_mem   0xbfc00000         0x00000490
config3          0xbfc00bf0         0x00000004
config2          0xbfc00bf4         0x00000004
config1          0xbfc00bf8         0x00000004
config0          0xbfc00bfc         0x00000004
kseg1_data_mem   0xa0000000         0x00008000         w !x
sfrs             0xbf800000         0x00100000
configsfrs       0xbfc00bf0         0x00000010
*default*        0x00000000         0xffffffff

Linker script and memory map

LOAD c:/program files (x86)/microchip/xc32/v1.30/bin/../lib/gcc/pic32mx/4.5.2/../../../../pic32mx/lib/./proc/32MX250F128B/cpprt0_mips32r2.o
LOAD c:/program files (x86)/microchip/xc32/v1.30/bin/../lib/gcc/pic32mx/4.5.2/../../../../pic32mx/lib/crti.o
LOAD c:/program files (x86)/microchip/xc32/v1.30/bin/../lib/gcc/pic32mx/4.5.2/crtbegin.o
LOAD build/default/production/source/main.o
LOAD build/default/production/source/mpu6050.o
                0x00000001                __MPLAB_BUILD = 0x1
LOAD c:/program files (x86)/microchip/xc32/v1.30/bin/../lib/gcc/pic32mx/4.5.2/../../../../pic32mx/lib\libsupc++.a
LOAD c:/program files (x86)/microchip/xc32/v1.30/bin/../lib/gcc/pic32mx/4.5.2/../../../../pic32mx/lib\libm.a
LOAD c:/program files (x86)/microchip/xc32/v1.30/bin/../lib/gcc/pic32mx/4.5.2/../../../../pic32mx/lib/./proc/32MX250F128B\default_isr_vectors.o
                0x00000400                PROVIDE (_min_stack_size, 0x400)
LOAD c:/program files (x86)/microchip/xc32/v1.30/bin/../lib/gcc/pic32mx/4.5.2/../../../../pic32mx/lib/./proc/32MX250F128B\processor.o
START GROUP
LOAD c:/program files (x86)/microchip/xc32/v1.30/bin/../lib/gcc/pic32mx/4.5.2/../../../../pic32mx/lib\libmchp_peripheral.a
END GROUP
START GROUP
LOAD c:/program files (x86)/microchip/xc32/v1.30/bin/../lib/gcc/pic32mx/4.5.2/../../../../pic32mx/lib\libmchp_peripheral_32MX250F128B.a
END GROUP
                0x00000001                PROVIDE (_vector_spacing, 0x1)
                0x9d01f000                _ebase_address = 0x9d01f000
                0xbfc00000                _RESET_ADDR = 0xbfc00000
                0xbfc00380                _BEV_EXCPT_ADDR = 0xbfc00380
                0xbfc00480                _DBG_EXCPT_ADDR = 0xbfc00480
                0x9fc00490                _DBG_CODE_ADDR = 0x9fc00490
                0x00000760                _DBG_CODE_SIZE = 0x760
                0x9d01f180                _GEN_EXCPT_ADDR = (_ebase_address + 0x180)

.config_BFC00BF0
                0xbfc00bf0        0x4
 *(.config_BFC00BF0)
 .config_BFC00BF0
                0xbfc00bf0        0x4 build/default/production/source/main.o

.config_BFC00BF4
                0xbfc00bf4        0x4
 *(.config_BFC00BF4)
 .config_BFC00BF4
                0xbfc00bf4        0x4 build/default/production/source/main.o

.config_BFC00BF8
                0xbfc00bf8        0x4
 *(.config_BFC00BF8)
 .config_BFC00BF8
                0xbfc00bf8        0x4 build/default/production/source/main.o

.config_BFC00BFC
                0xbfc00bfc        0x4
 *(.config_BFC00BFC)
 .config_BFC00BFC
                0xbfc00bfc        0x4 build/default/production/source/main.o
                0xbfc02000                PROVIDE (_DBG_CODE_ADDR, 0xbfc02000)
                0x00000ff0                PROVIDE (_DBG_CODE_SIZE, 0xff0)

.reset          0xbfc00000      0x1c4
 *(.reset)
 .reset         0xbfc00000      0x1c4 c:/program files (x86)/microchip/xc32/v1.30/bin/../lib/gcc/pic32mx/4.5.2/../../../../pic32mx/lib/./proc/32MX250F128B/cpprt0_mips32r2.o
                0xbfc00000                _reset
 *(.reset.startup)

.bev_excpt      0xbfc00380       0x10
 *(.bev_handler)
 .bev_handler   0xbfc00380       0x10 c:/program files (x86)/microchip/xc32/v1.30/bin/../lib/gcc/pic32mx/4.5.2/../../../../pic32mx/lib/./proc/32MX250F128B/cpprt0_mips32r2.o

.dbg_excpt      0xbfc00480        0x0
                0xbfc00480                . = (. + DEFINED (_DEBUGGER)?0x8:0x0)

.dbg_code       0x9fc00490        0x0
                0x9fc00490                . = (. + DEFINED (_DEBUGGER)?_DBG_CODE_SIZE:0x0)

.app_excpt      0x9d01f180       0x10
 *(.gen_handler)
 .gen_handler   0x9d01f180       0x10 c:/program files (x86)/microchip/xc32/v1.30/bin/../lib/gcc/pic32mx/4.5.2/../../../../pic32mx/lib/./proc/32MX250F128B/cpprt0_mips32r2.o

.vector_0       0x9d01f200        0x8
 *(.vector_0)
 .vector_0      0x9d01f200        0x8 c:/program files (x86)/microchip/xc32/v1.30/bin/../lib/gcc/pic32mx/4.5.2/../../../../pic32mx/lib\libpic32.a(vector0.o)
                0x9d01f200                __vector_dispatch_0
                0x00000001                ASSERT (((_vector_spacing == 0x0) || (SIZEOF (.vector_0) <= (_vector_spacing << 0x5))), function at exception vector 0 too large)

.vector_1       0x9d01f220        0x8
 *(.vector_1)
 .vector_1      0x9d01f220        0x8 c:/program files (x86)/microchip/xc32/v1.30/bin/../lib/gcc/pic32mx/4.5.2/../../../../pic32mx/lib\libpic32.a(vector1.o)
                0x9d01f220                __vector_dispatch_1
                0x00000001                ASSERT (((_vector_spacing == 0x0) || (SIZEOF (.vector_1) <= (_vector_spacing << 0x5))), function at exception vector 1 too large)

.vector_2       0x9d01f240        0x8
 *(.vector_2)
 .vector_2      0x9d01f240        0x8 c:/program files (x86)/microchip/xc32/v1.30/bin/../lib/gcc/pic32mx/4.5.2/../../../../pic32mx/lib\libpic32.a(vector2.o)
                0x9d01f240                __vector_dispatch_2
                0x00000001                ASSERT (((_vector_spacing == 0x0) || (SIZEOF (.vector_2) <= (_vector_spacing << 0x5))), function at exception vector 2 too large)

.vector_3       0x9d01f260        0x8
 *(.vector_3)
 .vector_3      0x9d01f260        0x8 c:/program files (x86)/microchip/xc32/v1.30/bin/../lib/gcc/pic32mx/4.5.2/../../../../pic32mx/lib\libpic32.a(vector3.o)
                0x9d01f260                __vector_dispatch_3
                0x00000001                ASSERT (((_vector_spacing == 0x0) || (SIZEOF (.vector_3) <= (_vector_spacing << 0x5))), function at exception vector 3 too large)

.vector_4       0x9d01f280        0x8
 *(.vector_4)
 .vector_4      0x9d01f280        0x8 c:/program files (x86)/microchip/xc32/v1.30/bin/../lib/gcc/pic32mx/4.5.2/../../../../pic32mx/lib\libpic32.a(vector4.o)
                0x9d01f280                __vector_dispatch_4
                0x00000001                ASSERT (((_vector_spacing == 0x0) || (SIZEOF (.vector_4) <= (_vector_spacing << 0x5))), function at exception vector 4 too large)

.vector_5       0x9d01f2a0        0x8
 *(.vector_5)
 .vector_5      0x9d01f2a0        0x8 c:/program files (x86)/microchip/xc32/v1.30/bin/../lib/gcc/pic32mx/4.5.2/../../../../pic32mx/lib\libpic32.a(vector5.o)
                0x9d01f2a0                __vector_dispatch_5
                0x00000001                ASSERT (((_vector_spacing == 0x0) || (SIZEOF (.vector_5) <= (_vector_spacing << 0x5))), function at exception vector 5 too large)

.vector_6       0x9d01f2c0        0x8
 *(.vector_6)
 .vector_6      0x9d01f2c0        0x8 c:/program files (x86)/microchip/xc32/v1.30/bin/../lib/gcc/pic32mx/4.5.2/../../../../pic32mx/lib\libpic32.a(vector6.o)
                0x9d01f2c0                __vector_dispatch_6
                0x00000001                ASSERT (((_vector_spacing == 0x0) || (SIZEOF (.vector_6) <= (_vector_spacing << 0x5))), function at exception vector 6 too large)

.vector_7       0x9d01f2e0        0x8
 *(.vector_7)
 .vector_7      0x9d01f2e0        0x8 c:/program files (x86)/microchip/xc32/v1.30/bin/../lib/gcc/pic32mx/4.5.2/../../../../pic32mx/lib\libpic32.a(vector7.o)
                0x9d01f2e0                __vector_dispatch_7
                0x00000001                ASSERT (((_vector_spacing == 0x0) || (SIZEOF (.vector_7) <= (_vector_spacing << 0x5))), function at exception vector 7 too large)

.vector_8       0x9d01f300        0x8
 *(.vector_8)
 .vector_8      0x9d01f300        0x8 c:/program files (x86)/microchip/xc32/v1.30/bin/../lib/gcc/pic32mx/4.5.2/../../../../pic32mx/lib\libpic32.a(vector8.o)
                0x9d01f300                __vector_dispatch_8
                0x00000001                ASSERT (((_vector_spacing == 0x0) || (SIZEOF (.vector_8) <= (_vector_spacing << 0x5))), function at exception vector 8 too large)

.vector_9       0x9d01f320        0x8
 *(.vector_9)
 .vector_9      0x9d01f320        0x8 c:/program files (x86)/microchip/xc32/v1.30/bin/../lib/gcc/pic32mx/4.5.2/../../../../pic32mx/lib\libpic32.a(vector9.o)
                0x9d01f320                __vector_dispatch_9
                0x00000001                ASSERT (((_vector_spacing == 0x0) || (SIZEOF (.vector_9) <= (_vector_spacing << 0x5))), function at exception vector 9 too large)

.vector_10      0x9d01f340        0x8
 *(.vector_10)
 .vector_10     0x9d01f340        0x8 c:/program files (x86)/microchip/xc32/v1.30/bin/../lib/gcc/pic32mx/4.5.2/../../../../pic32mx/lib\libpic32.a(vector10.o)
                0x9d01f340                __vector_dispatch_10
                0x00000001                ASSERT (((_vector_spacing == 0x0) || (SIZEOF (.vector_10) <= (_vector_spacing << 0x5))), function at exception vector 10 too large)

.vector_11      0x9d01f360        0x8
 *(.vector_11)
 .vector_11     0x9d01f360        0x8 c:/program files (x86)/microchip/xc32/v1.30/bin/../lib/gcc/pic32mx/4.5.2/../../../../pic32mx/lib\libpic32.a(vector11.o)
                0x9d01f360                __vector_dispatch_11
                0x00000001                ASSERT (((_vector_spacing == 0x0) || (SIZEOF (.vector_11) <= (_vector_spacing << 0x5))), function at exception vector 11 too large)

.vector_12      0x9d01f380        0x8
 *(.vector_12)
 .vector_12     0x9d01f380        0x8 build/default/production/source/main.o
                0x9d01f380                __vector_dispatch_12
                0x00000001                ASSERT (((_vector_spacing == 0x0) || (SIZEOF (.vector_12) <= (_vector_spacing << 0x5))), function at exception vector 12 too large)

.vector_13      0x9d01f3a0        0x8
 *(.vector_13)
 .vector_13     0x9d01f3a0        0x8 c:/program files (x86)/microchip/xc32/v1.30/bin/../lib/gcc/pic32mx/4.5.2/../../../../pic32mx/lib\libpic32.a(vector13.o)
                0x9d01f3a0                __vector_dispatch_13
                0x00000001                ASSERT (((_vector_spacing == 0x0) || (SIZEOF (.vector_13) <= (_vector_spacing << 0x5))), function at exception vector 13 too large)

.vector_14      0x9d01f3c0        0x8
 *(.vector_14)
 .vector_14     0x9d01f3c0        0x8 c:/program files (x86)/microchip/xc32/v1.30/bin/../lib/gcc/pic32mx/4.5.2/../../../../pic32mx/lib\libpic32.a(vector14.o)
                0x9d01f3c0                __vector_dispatch_14
                0x00000001                ASSERT (((_vector_spacing == 0x0) || (SIZEOF (.vector_14) <= (_vector_spacing << 0x5))), function at exception vector 14 too large)

.vector_15      0x9d01f3e0        0x8
 *(.vector_15)
 .vector_15     0x9d01f3e0        0x8 c:/program files (x86)/microchip/xc32/v1.30/bin/../lib/gcc/pic32mx/4.5.2/../../../../pic32mx/lib\libpic32.a(vector15.o)
                0x9d01f3e0                __vector_dispatch_15
                0x00000001                ASSERT (((_vector_spacing == 0x0) || (SIZEOF (.vector_15) <= (_vector_spacing << 0x5))), function at exception vector 15 too large)

.vector_16      0x9d01f400        0x8
 *(.vector_16)
 .vector_16     0x9d01f400        0x8 c:/program files (x86)/microchip/xc32/v1.30/bin/../lib/gcc/pic32mx/4.5.2/../../../../pic32mx/lib\libpic32.a(vector16.o)
                0x9d01f400                __vector_dispatch_16
                0x00000001                ASSERT (((_vector_spacing == 0x0) || (SIZEOF (.vector_16) <= (_vector_spacing << 0x5))), function at exception vector 16 too large)

.vector_17      0x9d01f420        0x8
 *(.vector_17)
 .vector_17     0x9d01f420        0x8 c:/program files (x86)/microchip/xc32/v1.30/bin/../lib/gcc/pic32mx/4.5.2/../../../../pic32mx/lib\libpic32.a(vector17.o)
                0x9d01f420                __vector_dispatch_17
                0x00000001                ASSERT (((_vector_spacing == 0x0) || (SIZEOF (.vector_17) <= (_vector_spacing << 0x5))), function at exception vector 17 too large)

.vector_18      0x9d01f440        0x8
 *(.vector_18)
 .vector_18     0x9d01f440        0x8 c:/program files (x86)/microchip/xc32/v1.30/bin/../lib/gcc/pic32mx/4.5.2/../../../../pic32mx/lib\libpic32.a(vector18.o)
                0x9d01f440                __vector_dispatch_18
                0x00000001                ASSERT (((_vector_spacing == 0x0) || (SIZEOF (.vector_18) <= (_vector_spacing << 0x5))), function at exception vector 18 too large)

.vector_19      0x9d01f460        0x8
 *(.vector_19)
 .vector_19     0x9d01f460        0x8 c:/program files (x86)/microchip/xc32/v1.30/bin/../lib/gcc/pic32mx/4.5.2/../../../../pic32mx/lib\libpic32.a(vector19.o)
                0x9d01f460                __vector_dispatch_19
                0x00000001                ASSERT (((_vector_spacing == 0x0) || (SIZEOF (.vector_19) <= (_vector_spacing << 0x5))), function at exception vector 19 too large)

.vector_20      0x9d01f480        0x8
 *(.vector_20)
 .vector_20     0x9d01f480        0x8 c:/program files (x86)/microchip/xc32/v1.30/bin/../lib/gcc/pic32mx/4.5.2/../../../../pic32mx/lib\libpic32.a(vector20.o)
                0x9d01f480                __vector_dispatch_20
                0x00000001                ASSERT (((_vector_spacing == 0x0) || (SIZEOF (.vector_20) <= (_vector_spacing << 0x5))), function at exception vector 20 too large)

.vector_21      0x9d01f4a0        0x8
 *(.vector_21)
 .vector_21     0x9d01f4a0        0x8 c:/program files (x86)/microchip/xc32/v1.30/bin/../lib/gcc/pic32mx/4.5.2/../../../../pic32mx/lib\libpic32.a(vector21.o)
                0x9d01f4a0                __vector_dispatch_21
                0x00000001                ASSERT (((_vector_spacing == 0x0) || (SIZEOF (.vector_21) <= (_vector_spacing << 0x5))), function at exception vector 21 too large)

.vector_22      0x9d01f4c0        0x8
 *(.vector_22)
 .vector_22     0x9d01f4c0        0x8 c:/program files (x86)/microchip/xc32/v1.30/bin/../lib/gcc/pic32mx/4.5.2/../../../../pic32mx/lib\libpic32.a(vector22.o)
                0x9d01f4c0                __vector_dispatch_22
                0x00000001                ASSERT (((_vector_spacing == 0x0) || (SIZEOF (.vector_22) <= (_vector_spacing << 0x5))), function at exception vector 22 too large)

.vector_23      0x9d01f4e0        0x8
 *(.vector_23)
 .vector_23     0x9d01f4e0        0x8 c:/program files (x86)/microchip/xc32/v1.30/bin/../lib/gcc/pic32mx/4.5.2/../../../../pic32mx/lib\libpic32.a(vector23.o)
                0x9d01f4e0                __vector_dispatch_23
                0x00000001                ASSERT (((_vector_spacing == 0x0) || (SIZEOF (.vector_23) <= (_vector_spacing << 0x5))), function at exception vector 23 too large)

.vector_24      0x9d01f500        0x8
 *(.vector_24)
 .vector_24     0x9d01f500        0x8 c:/program files (x86)/microchip/xc32/v1.30/bin/../lib/gcc/pic32mx/4.5.2/../../../../pic32mx/lib\libpic32.a(vector24.o)
                0x9d01f500                __vector_dispatch_24
                0x00000001                ASSERT (((_vector_spacing == 0x0) || (SIZEOF (.vector_24) <= (_vector_spacing << 0x5))), function at exception vector 24 too large)

.vector_25      0x9d01f520        0x8
 *(.vector_25)
 .vector_25     0x9d01f520        0x8 c:/program files (x86)/microchip/xc32/v1.30/bin/../lib/gcc/pic32mx/4.5.2/../../../../pic32mx/lib\libpic32.a(vector25.o)
                0x9d01f520                __vector_dispatch_25
                0x00000001                ASSERT (((_vector_spacing == 0x0) || (SIZEOF (.vector_25) <= (_vector_spacing << 0x5))), function at exception vector 25 too large)

.vector_26      0x9d01f540        0x8
 *(.vector_26)
 .vector_26     0x9d01f540        0x8 c:/program files (x86)/microchip/xc32/v1.30/bin/../lib/gcc/pic32mx/4.5.2/../../../../pic32mx/lib\libpic32.a(vector26.o)
                0x9d01f540                __vector_dispatch_26
                0x00000001                ASSERT (((_vector_spacing == 0x0) || (SIZEOF (.vector_26) <= (_vector_spacing << 0x5))), function at exception vector 26 too large)

.vector_27      0x9d01f560        0x8
 *(.vector_27)
 .vector_27     0x9d01f560        0x8 c:/program files (x86)/microchip/xc32/v1.30/bin/../lib/gcc/pic32mx/4.5.2/../../../../pic32mx/lib\libpic32.a(vector27.o)
                0x9d01f560                __vector_dispatch_27
                0x00000001                ASSERT (((_vector_spacing == 0x0) || (SIZEOF (.vector_27) <= (_vector_spacing << 0x5))), function at exception vector 27 too large)

.vector_28      0x9d01f580        0x8
 *(.vector_28)
 .vector_28     0x9d01f580        0x8 c:/program files (x86)/microchip/xc32/v1.30/bin/../lib/gcc/pic32mx/4.5.2/../../../../pic32mx/lib\libpic32.a(vector28.o)
                0x9d01f580                __vector_dispatch_28
                0x00000001                ASSERT (((_vector_spacing == 0x0) || (SIZEOF (.vector_28) <= (_vector_spacing << 0x5))), function at exception vector 28 too large)

.vector_29      0x9d01f5a0        0x8
 *(.vector_29)
 .vector_29     0x9d01f5a0        0x8 c:/program files (x86)/microchip/xc32/v1.30/bin/../lib/gcc/pic32mx/4.5.2/../../../../pic32mx/lib\libpic32.a(vector29.o)
                0x9d01f5a0                __vector_dispatch_29
                0x00000001                ASSERT (((_vector_spacing == 0x0) || (SIZEOF (.vector_29) <= (_vector_spacing << 0x5))), function at exception vector 29 too large)

.vector_30      0x9d01f5c0        0x8
 *(.vector_30)
 .vector_30     0x9d01f5c0        0x8 c:/program files (x86)/microchip/xc32/v1.30/bin/../lib/gcc/pic32mx/4.5.2/../../../../pic32mx/lib\libpic32.a(vector30.o)
                0x9d01f5c0                __vector_dispatch_30
                0x00000001                ASSERT (((_vector_spacing == 0x0) || (SIZEOF (.vector_30) <= (_vector_spacing << 0x5))), function at exception vector 30 too large)

.vector_31      0x9d01f5e0        0x8
 *(.vector_31)
 .vector_31     0x9d01f5e0        0x8 c:/program files (x86)/microchip/xc32/v1.30/bin/../lib/gcc/pic32mx/4.5.2/../../../../pic32mx/lib\libpic32.a(vector31.o)
                0x9d01f5e0                __vector_dispatch_31
                0x00000001                ASSERT (((_vector_spacing == 0x0) || (SIZEOF (.vector_31) <= (_vector_spacing << 0x5))), function at exception vector 31 too large)

.vector_32      0x9d01f600        0x8
 *(.vector_32)
 .vector_32     0x9d01f600        0x8 c:/program files (x86)/microchip/xc32/v1.30/bin/../lib/gcc/pic32mx/4.5.2/../../../../pic32mx/lib\libpic32.a(vector32.o)
                0x9d01f600                __vector_dispatch_32
                0x00000001                ASSERT (((_vector_spacing == 0x0) || (SIZEOF (.vector_32) <= (_vector_spacing << 0x5))), function at exception vector 32 too large)

.vector_33      0x9d01f620        0x8
 *(.vector_33)
 .vector_33     0x9d01f620        0x8 c:/program files (x86)/microchip/xc32/v1.30/bin/../lib/gcc/pic32mx/4.5.2/../../../../pic32mx/lib\libpic32.a(vector33.o)
                0x9d01f620                __vector_dispatch_33
                0x00000001                ASSERT (((_vector_spacing == 0x0) || (SIZEOF (.vector_33) <= (_vector_spacing << 0x5))), function at exception vector 33 too large)

.vector_34      0x9d01f640        0x8
 *(.vector_34)
 .vector_34     0x9d01f640        0x8 c:/program files (x86)/microchip/xc32/v1.30/bin/../lib/gcc/pic32mx/4.5.2/../../../../pic32mx/lib\libpic32.a(vector34.o)
                0x9d01f640                __vector_dispatch_34
                0x00000001                ASSERT (((_vector_spacing == 0x0) || (SIZEOF (.vector_34) <= (_vector_spacing << 0x5))), function at exception vector 34 too large)

.vector_35      0x9d01f660        0x8
 *(.vector_35)
 .vector_35     0x9d01f660        0x8 c:/program files (x86)/microchip/xc32/v1.30/bin/../lib/gcc/pic32mx/4.5.2/../../../../pic32mx/lib\libpic32.a(vector35.o)
                0x9d01f660                __vector_dispatch_35
                0x00000001                ASSERT (((_vector_spacing == 0x0) || (SIZEOF (.vector_35) <= (_vector_spacing << 0x5))), function at exception vector 35 too large)

.vector_36      0x9d01f680        0x8
 *(.vector_36)
 .vector_36     0x9d01f680        0x8 c:/program files (x86)/microchip/xc32/v1.30/bin/../lib/gcc/pic32mx/4.5.2/../../../../pic32mx/lib\libpic32.a(vector36.o)
                0x9d01f680                __vector_dispatch_36
                0x00000001                ASSERT (((_vector_spacing == 0x0) || (SIZEOF (.vector_36) <= (_vector_spacing << 0x5))), function at exception vector 36 too large)

.vector_37      0x9d01f6a0        0x8
 *(.vector_37)
 .vector_37     0x9d01f6a0        0x8 c:/program files (x86)/microchip/xc32/v1.30/bin/../lib/gcc/pic32mx/4.5.2/../../../../pic32mx/lib\libpic32.a(vector37.o)
                0x9d01f6a0                __vector_dispatch_37
                0x00000001                ASSERT (((_vector_spacing == 0x0) || (SIZEOF (.vector_37) <= (_vector_spacing << 0x5))), function at exception vector 37 too large)

.vector_38      0x9d01f6c0        0x8
 *(.vector_38)
 .vector_38     0x9d01f6c0        0x8 c:/program files (x86)/microchip/xc32/v1.30/bin/../lib/gcc/pic32mx/4.5.2/../../../../pic32mx/lib\libpic32.a(vector38.o)
                0x9d01f6c0                __vector_dispatch_38
                0x00000001                ASSERT (((_vector_spacing == 0x0) || (SIZEOF (.vector_38) <= (_vector_spacing << 0x5))), function at exception vector 38 too large)

.vector_39      0x9d01f6e0        0x8
 *(.vector_39)
 .vector_39     0x9d01f6e0        0x8 c:/program files (x86)/microchip/xc32/v1.30/bin/../lib/gcc/pic32mx/4.5.2/../../../../pic32mx/lib\libpic32.a(vector39.o)
                0x9d01f6e0                __vector_dispatch_39
                0x00000001                ASSERT (((_vector_spacing == 0x0) || (SIZEOF (.vector_39) <= (_vector_spacing << 0x5))), function at exception vector 39 too large)

.vector_40      0x9d01f700        0x8
 *(.vector_40)
 .vector_40     0x9d01f700        0x8 c:/program files (x86)/microchip/xc32/v1.30/bin/../lib/gcc/pic32mx/4.5.2/../../../../pic32mx/lib\libpic32.a(vector40.o)
                0x9d01f700                __vector_dispatch_40
                0x00000001                ASSERT (((_vector_spacing == 0x0) || (SIZEOF (.vector_40) <= (_vector_spacing << 0x5))), function at exception vector 40 too large)

.vector_41      0x9d01f720        0x8
 *(.vector_41)
 .vector_41     0x9d01f720        0x8 c:/program files (x86)/microchip/xc32/v1.30/bin/../lib/gcc/pic32mx/4.5.2/../../../../pic32mx/lib\libpic32.a(vector41.o)
                0x9d01f720                __vector_dispatch_41
                0x00000001                ASSERT (((_vector_spacing == 0x0) || (SIZEOF (.vector_41) <= (_vector_spacing << 0x5))), function at exception vector 41 too large)

.vector_42      0x9d01f740        0x8
 *(.vector_42)
 .vector_42     0x9d01f740        0x8 c:/program files (x86)/microchip/xc32/v1.30/bin/../lib/gcc/pic32mx/4.5.2/../../../../pic32mx/lib\libpic32.a(vector42.o)
                0x9d01f740                __vector_dispatch_42
                0x00000001                ASSERT (((_vector_spacing == 0x0) || (SIZEOF (.vector_42) <= (_vector_spacing << 0x5))), function at exception vector 42 too large)

.vector_43      0x9d01f760        0x8
 *(.vector_43)
 .vector_43     0x9d01f760        0x8 c:/program files (x86)/microchip/xc32/v1.30/bin/../lib/gcc/pic32mx/4.5.2/../../../../pic32mx/lib\libpic32.a(vector43.o)
                0x9d01f760                __vector_dispatch_43
                0x00000001                ASSERT (((_vector_spacing == 0x0) || (SIZEOF (.vector_43) <= (_vector_spacing << 0x5))), function at exception vector 43 too large)

.vector_44      0x9d01f780        0x8
 *(.vector_44)
 .vector_44     0x9d01f780        0x8 c:/program files (x86)/microchip/xc32/v1.30/bin/../lib/gcc/pic32mx/4.5.2/../../../../pic32mx/lib\libpic32.a(vector44.o)
                0x9d01f780                __vector_dispatch_44
                0x00000001                ASSERT (((_vector_spacing == 0x0) || (SIZEOF (.vector_44) <= (_vector_spacing << 0x5))), function at exception vector 44 too large)

.vector_45      0x9d01f7a0        0x8
 *(.vector_45)
 .vector_45     0x9d01f7a0        0x8 c:/program files (x86)/microchip/xc32/v1.30/bin/../lib/gcc/pic32mx/4.5.2/../../../../pic32mx/lib\libpic32.a(vector45.o)
                0x9d01f7a0                __vector_dispatch_45
                0x00000001                ASSERT (((_vector_spacing == 0x0) || (SIZEOF (.vector_45) <= (_vector_spacing << 0x5))), function at exception vector 45 too large)

.vector_46      0x9d01f7c0        0x8
 *(.vector_46)
 .vector_46     0x9d01f7c0        0x8 c:/program files (x86)/microchip/xc32/v1.30/bin/../lib/gcc/pic32mx/4.5.2/../../../../pic32mx/lib\libpic32.a(vector46.o)
                0x9d01f7c0                __vector_dispatch_46
                0x00000001                ASSERT (((_vector_spacing == 0x0) || (SIZEOF (.vector_46) <= (_vector_spacing << 0x5))), function at exception vector 46 too large)

.vector_47      0x9d01f7e0        0x8
 *(.vector_47)
 .vector_47     0x9d01f7e0        0x8 c:/program files (x86)/microchip/xc32/v1.30/bin/../lib/gcc/pic32mx/4.5.2/../../../../pic32mx/lib\libpic32.a(vector47.o)
                0x9d01f7e0                __vector_dispatch_47
                0x00000001                ASSERT (((_vector_spacing == 0x0) || (SIZEOF (.vector_47) <= (_vector_spacing << 0x5))), function at exception vector 47 too large)

.vector_48      0x9d01f800        0x8
 *(.vector_48)
 .vector_48     0x9d01f800        0x8 c:/program files (x86)/microchip/xc32/v1.30/bin/../lib/gcc/pic32mx/4.5.2/../../../../pic32mx/lib\libpic32.a(vector48.o)
                0x9d01f800                __vector_dispatch_48
                0x00000001                ASSERT (((_vector_spacing == 0x0) || (SIZEOF (.vector_48) <= (_vector_spacing << 0x5))), function at exception vector 48 too large)

.vector_49      0x9d01f820        0x8
 *(.vector_49)
 .vector_49     0x9d01f820        0x8 c:/program files (x86)/microchip/xc32/v1.30/bin/../lib/gcc/pic32mx/4.5.2/../../../../pic32mx/lib\libpic32.a(vector49.o)
                0x9d01f820                __vector_dispatch_49
                0x00000001                ASSERT (((_vector_spacing == 0x0) || (SIZEOF (.vector_49) <= (_vector_spacing << 0x5))), function at exception vector 49 too large)

.vector_50      0x9d01f840        0x8
 *(.vector_50)
 .vector_50     0x9d01f840        0x8 c:/program files (x86)/microchip/xc32/v1.30/bin/../lib/gcc/pic32mx/4.5.2/../../../../pic32mx/lib\libpic32.a(vector50.o)
                0x9d01f840                __vector_dispatch_50
                0x00000001                ASSERT (((_vector_spacing == 0x0) || (SIZEOF (.vector_50) <= (_vector_spacing << 0x5))), function at exception vector 50 too large)

.vector_51      0x9d01f860        0x8
 *(.vector_51)
 .vector_51     0x9d01f860        0x8 c:/program files (x86)/microchip/xc32/v1.30/bin/../lib/gcc/pic32mx/4.5.2/../../../../pic32mx/lib\libpic32.a(vector51.o)
                0x9d01f860                __vector_dispatch_51
                0x00000001                ASSERT (((_vector_spacing == 0x0) || (SIZEOF (.vector_51) <= (_vector_spacing << 0x5))), function at exception vector 51 too large)

.vector_52      0x9d01f880        0x8
 *(.vector_52)
 .vector_52     0x9d01f880        0x8 c:/program files (x86)/microchip/xc32/v1.30/bin/../lib/gcc/pic32mx/4.5.2/../../../../pic32mx/lib\libpic32.a(vector52.o)
                0x9d01f880                __vector_dispatch_52
                0x00000001                ASSERT (((_vector_spacing == 0x0) || (SIZEOF (.vector_52) <= (_vector_spacing << 0x5))), function at exception vector 52 too large)

.vector_53      0x9d01f8a0        0x8
 *(.vector_53)
 .vector_53     0x9d01f8a0        0x8 c:/program files (x86)/microchip/xc32/v1.30/bin/../lib/gcc/pic32mx/4.5.2/../../../../pic32mx/lib\libpic32.a(vector53.o)
                0x9d01f8a0                __vector_dispatch_53
                0x00000001                ASSERT (((_vector_spacing == 0x0) || (SIZEOF (.vector_53) <= (_vector_spacing << 0x5))), function at exception vector 53 too large)

.vector_54      0x9d01f8c0        0x8
 *(.vector_54)
 .vector_54     0x9d01f8c0        0x8 c:/program files (x86)/microchip/xc32/v1.30/bin/../lib/gcc/pic32mx/4.5.2/../../../../pic32mx/lib\libpic32.a(vector54.o)
                0x9d01f8c0                __vector_dispatch_54
                0x00000001                ASSERT (((_vector_spacing == 0x0) || (SIZEOF (.vector_54) <= (_vector_spacing << 0x5))), function at exception vector 54 too large)

.vector_55      0x9d01f8e0        0x8
 *(.vector_55)
 .vector_55     0x9d01f8e0        0x8 c:/program files (x86)/microchip/xc32/v1.30/bin/../lib/gcc/pic32mx/4.5.2/../../../../pic32mx/lib\libpic32.a(vector55.o)
                0x9d01f8e0                __vector_dispatch_55
                0x00000001                ASSERT (((_vector_spacing == 0x0) || (SIZEOF (.vector_55) <= (_vector_spacing << 0x5))), function at exception vector 55 too large)

.vector_56      0x9d01f900        0x8
 *(.vector_56)
 .vector_56     0x9d01f900        0x8 c:/program files (x86)/microchip/xc32/v1.30/bin/../lib/gcc/pic32mx/4.5.2/../../../../pic32mx/lib\libpic32.a(vector56.o)
                0x9d01f900                __vector_dispatch_56
                0x00000001                ASSERT (((_vector_spacing == 0x0) || (SIZEOF (.vector_56) <= (_vector_spacing << 0x5))), function at exception vector 56 too large)

.vector_57      0x9d01f920        0x8
 *(.vector_57)
 .vector_57     0x9d01f920        0x8 c:/program files (x86)/microchip/xc32/v1.30/bin/../lib/gcc/pic32mx/4.5.2/../../../../pic32mx/lib\libpic32.a(vector57.o)
                0x9d01f920                __vector_dispatch_57
                0x00000001                ASSERT (((_vector_spacing == 0x0) || (SIZEOF (.vector_57) <= (_vector_spacing << 0x5))), function at exception vector 57 too large)

.vector_58      0x9d01f940        0x8
 *(.vector_58)
 .vector_58     0x9d01f940        0x8 c:/program files (x86)/microchip/xc32/v1.30/bin/../lib/gcc/pic32mx/4.5.2/../../../../pic32mx/lib\libpic32.a(vector58.o)
                0x9d01f940                __vector_dispatch_58
                0x00000001                ASSERT (((_vector_spacing == 0x0) || (SIZEOF (.vector_58) <= (_vector_spacing << 0x5))), function at exception vector 58 too large)

.vector_59      0x9d01f960        0x8
 *(.vector_59)
 .vector_59     0x9d01f960        0x8 c:/program files (x86)/microchip/xc32/v1.30/bin/../lib/gcc/pic32mx/4.5.2/../../../../pic32mx/lib\libpic32.a(vector59.o)
                0x9d01f960                __vector_dispatch_59
                0x00000001                ASSERT (((_vector_spacing == 0x0) || (SIZEOF (.vector_59) <= (_vector_spacing << 0x5))), function at exception vector 59 too large)

.vector_60      0x9d01f980        0x8
 *(.vector_60)
 .vector_60     0x9d01f980        0x8 c:/program files (x86)/microchip/xc32/v1.30/bin/../lib/gcc/pic32mx/4.5.2/../../../../pic32mx/lib\libpic32.a(vector60.o)
                0x9d01f980                __vector_dispatch_60
                0x00000001                ASSERT (((_vector_spacing == 0x0) || (SIZEOF (.vector_60) <= (_vector_spacing << 0x5))), function at exception vector 60 too large)

.vector_61      0x9d01f9a0        0x8
 *(.vector_61)
 .vector_61     0x9d01f9a0        0x8 c:/program files (x86)/microchip/xc32/v1.30/bin/../lib/gcc/pic32mx/4.5.2/../../../../pic32mx/lib\libpic32.a(vector61.o)
                0x9d01f9a0                __vector_dispatch_61
                0x00000001                ASSERT (((_vector_spacing == 0x0) || (SIZEOF (.vector_61) <= (_vector_spacing << 0x5))), function at exception vector 61 too large)

.vector_62      0x9d01f9c0        0x8
 *(.vector_62)
 .vector_62     0x9d01f9c0        0x8 c:/program files (x86)/microchip/xc32/v1.30/bin/../lib/gcc/pic32mx/4.5.2/../../../../pic32mx/lib\libpic32.a(vector62.o)
                0x9d01f9c0                __vector_dispatch_62
                0x00000001                ASSERT (((_vector_spacing == 0x0) || (SIZEOF (.vector_62) <= (_vector_spacing << 0x5))), function at exception vector 62 too large)

.vector_63      0x9d01f9e0        0x8
 *(.vector_63)
 .vector_63     0x9d01f9e0        0x8 c:/program files (x86)/microchip/xc32/v1.30/bin/../lib/gcc/pic32mx/4.5.2/../../../../pic32mx/lib\libpic32.a(vector63.o)
                0x9d01f9e0                __vector_dispatch_63
                0x00000001                ASSERT (((_vector_spacing == 0x0) || (SIZEOF (.vector_63) <= (_vector_spacing << 0x5))), function at exception vector 63 too large)

.startup
 *(.startup)

.text           0x9d000000      0x13c
 *(.stub .gnu.linkonce.t.*)
 .gnu.linkonce.t._Z3absl
                0x9d000000       0x38 build/default/production/source/mpu6050.o
                0x9d000000                _Z3absl
 .gnu.linkonce.t._Z3powIfiEN14_Combined_typeIN11_Rc_widenedIN8_Rc_typeIT_E5_TypeENS2_IT0_E5_TypeEE5_TypeEN13_Real_widenedIN10_Real_typeIS3_E5_TypeENSC_IS6_E5_TypeEE5_TypeEE5_TypeES3_S6_
                0x9d000038       0x80 build/default/production/source/mpu6050.o
                0x9d000038                _Z3powIfiEN14_Combined_typeIN11_Rc_widenedIN8_Rc_typeIT_E5_TypeENS2_IT0_E5_TypeEE5_TypeEN13_Real_widenedIN10_Real_typeIS3_E5_TypeENSC_IS6_E5_TypeEE5_TypeEE5_TypeES3_S6_
 .gnu.linkonce.t._Z11_Rc_convertIfdffET0_RKT_PS0_PT1_PT2_
                0x9d0000b8       0x38 build/default/production/source/mpu6050.o
                0x9d0000b8                _Z11_Rc_convertIfdffET0_RKT_PS0_PT1_PT2_
 .gnu.linkonce.t._Z11_Rc_convertIidffET0_RKT_PS0_PT1_PT2_
                0x9d0000f0       0x4c build/default/production/source/mpu6050.o
                0x9d0000f0                _Z11_Rc_convertIidffET0_RKT_PS0_PT1_PT2_
 *(.text.*personality*)
 *(.mips16.fn.*)
 *(.mips16.call.*)
 *(.gnu.warning)
                0x9d00013c                . = ALIGN (0x4)

.init           0x9d00013c       0x24
 *crti.o(.init)
 .init          0x9d00013c        0x8 c:/program files (x86)/microchip/xc32/v1.30/bin/../lib/gcc/pic32mx/4.5.2/../../../../pic32mx/lib/crti.o
                0x9d00013c                _init
 *crtbegin.o(.init)
 .init          0x9d000144        0x8 c:/program files (x86)/microchip/xc32/v1.30/bin/../lib/gcc/pic32mx/4.5.2/crtbegin.o
 *(EXCLUDE_FILE(*crtn.o *crtend?.o *crtend.o) .init)
 *crtend.o(.init)
 .init          0x9d00014c        0x8 c:/program files (x86)/microchip/xc32/v1.30/bin/../lib/gcc/pic32mx/4.5.2/crtend.o
 *crtn.o(.init)
 .init          0x9d000154        0xc c:/program files (x86)/microchip/xc32/v1.30/bin/../lib/gcc/pic32mx/4.5.2/../../../../pic32mx/lib/crtn.o
                0x9d000160                . = ALIGN (0x4)

.fini           0x9d000160       0x1c
 *(.fini)
 .fini          0x9d000160        0x8 c:/program files (x86)/microchip/xc32/v1.30/bin/../lib/gcc/pic32mx/4.5.2/../../../../pic32mx/lib/crti.o
                0x9d000160                _fini
 .fini          0x9d000168        0x8 c:/program files (x86)/microchip/xc32/v1.30/bin/../lib/gcc/pic32mx/4.5.2/crtbegin.o
 .fini          0x9d000170        0xc c:/program files (x86)/microchip/xc32/v1.30/bin/../lib/gcc/pic32mx/4.5.2/../../../../pic32mx/lib/crtn.o
                0x9d00017c                . = ALIGN (0x4)

.preinit_array  0x9d00017c        0x0
                0x9d00017c                PROVIDE (__preinit_array_start, .)
 *(.preinit_array)
                0x9d00017c                PROVIDE (__preinit_array_end, .)
                0x9d00017c                . = ALIGN (0x4)

.init_array     0x9d00017c        0x0
                0x9d00017c                PROVIDE (__init_array_start, .)
 *(SORT(.init_array.*))
 *(.init_array)
                0x9d00017c                PROVIDE (__init_array_end, .)
                0x9d00017c                . = ALIGN (0x4)

.fini_array     0x9d00017c        0x0
                0x9d00017c                PROVIDE (__fini_array_start, .)
 *(SORT(.fini_array.*))
 *(.fini_array)
                0x9d00017c                PROVIDE (__fini_array_end, .)
                0x9d00017c                . = ALIGN (0x4)

.ctors          0x9d00017c        0x8
 *crtbegin.o(.ctors)
 .ctors         0x9d00017c        0x4 c:/program files (x86)/microchip/xc32/v1.30/bin/../lib/gcc/pic32mx/4.5.2/crtbegin.o
 *crtbegin?.o(.ctors)
 *(EXCLUDE_FILE(*crtend?.o *crtend.o) .ctors)
 *(SORT(.ctors.*))
 *(.ctors)
 .ctors         0x9d000180        0x4 c:/program files (x86)/microchip/xc32/v1.30/bin/../lib/gcc/pic32mx/4.5.2/crtend.o
                0x9d000184                . = ALIGN (0x4)

.dtors          0x9d000184        0x8
 *crtbegin.o(.dtors)
 .dtors         0x9d000184        0x4 c:/program files (x86)/microchip/xc32/v1.30/bin/../lib/gcc/pic32mx/4.5.2/crtbegin.o
 *crtbegin?.o(.dtors)
 *(EXCLUDE_FILE(*crtend?.o *crtend.o) .dtors)
 *(SORT(.dtors.*))
 *(.dtors)
 .dtors         0x9d000188        0x4 c:/program files (x86)/microchip/xc32/v1.30/bin/../lib/gcc/pic32mx/4.5.2/crtend.o
                0x9d000188                __DTOR_END__
                0x9d00018c                . = ALIGN (0x4)

.rodata         0x9d00018c        0x0
 *(.gnu.linkonce.r.*)
 *(.rodata1)
                0x9d00018c                . = ALIGN (0x4)

.sdata2         0x9d00018c        0x0
 *(.sdata2 .sdata2.* .gnu.linkonce.s2.*)
                0x9d00018c                . = ALIGN (0x4)

.sbss2          0x9d00018c        0x0
 *(.sbss2 .sbss2.* .gnu.linkonce.sb2.*)
                0x9d00018c                . = ALIGN (0x4)

.eh_frame_hdr
 *(.eh_frame_hdr)
                0x9d00018c                . = ALIGN (0x4)

.eh_frame
 *(.eh_frame)
                0x9d00018c                . = ALIGN (0x4)

.gcc_except_table
 *(.gcc_except_table .gcc_except_table.*)
                0x9d00018c                . = ALIGN (0x4)

.dbg_data       0xa0000000        0x0
                0xa0000000                . = (. + DEFINED (_DEBUGGER)?0x200:0x0)

.jcr            0xa0000000        0x4
 *(.jcr)
 .jcr           0xa0000000        0x0 c:/program files (x86)/microchip/xc32/v1.30/bin/../lib/gcc/pic32mx/4.5.2/crtbegin.o
 .jcr           0xa0000000        0x4 c:/program files (x86)/microchip/xc32/v1.30/bin/../lib/gcc/pic32mx/4.5.2/crtend.o
                0xa0000004                . = ALIGN (0x4)

.eh_frame       0xa0000004        0x4
 *(.eh_frame)
 .eh_frame      0xa0000004        0x0 c:/program files (x86)/microchip/xc32/v1.30/bin/../lib/gcc/pic32mx/4.5.2/crtbegin.o
 .eh_frame      0xa0000004        0x4 c:/program files (x86)/microchip/xc32/v1.30/bin/../lib/gcc/pic32mx/4.5.2/crtend.o
                0xa0000008                . = ALIGN (0x4)

.gcc_except_table
 *(.gcc_except_table .gcc_except_table.*)
                0xa0000008                . = ALIGN (0x4)

.persist        0xa0000008        0x0
                0xa0000008                _persist_begin = .
 *(.persist .persist.*)
 *(.pbss .pbss.*)
                0xa0000008                . = ALIGN (0x4)
                0xa0000008                _persist_end = .

.data           0xa0000008        0x0
 *(.gnu.linkonce.d.*)
 *(.data1)
                0xa0000008                . = ALIGN (0x4)
                0xa0000008                . = .
                0xa0008000                _gp = (ALIGN (0x10) + 0x7ff0)

.got            0xa0000008        0x0
 *(.got.plt)
 *(.got)
                0xa0000008                . = ALIGN (0x4)

.sdata          0xa0000008        0x8
                0xa0000008                _sdata_begin = .
 *(.sdata .sdata.* .gnu.linkonce.s.*)
 .sdata         0xa0000008        0x4 c:/program files (x86)/microchip/xc32/v1.30/bin/../lib/gcc/pic32mx/4.5.2/crtbegin.o
                0xa0000008                __dso_handle
 .sdata         0xa000000c        0x1 build/default/production/source/main.o
                0xa000000c                forward
                0xa0000010                . = ALIGN (0x4)
 *fill*         0xa000000d        0x3 
                0xa0000010                _sdata_end = .

.lit8
 *(.lit8)

.lit4
 *(.lit4)
                0xa0000010                . = ALIGN (0x4)
                0xa0000010                _data_end = .
                0xa0000010                _bss_begin = .

.sbss           0xa0000010        0x8
                0xa0000010                _sbss_begin = .
 *(.dynsbss)
 *(.sbss .sbss.* .gnu.linkonce.sb.*)
 .sbss          0xa0000010        0x1 build/default/production/source/main.o
                0xa0000010                pwm_signal
 *fill*         0xa0000011        0x3 
 .sbss          0xa0000014        0x4 c:/program files (x86)/microchip/xc32/v1.30/bin/../lib/gcc/pic32mx/4.5.2/../../../../pic32mx/lib\libpic32.a(errno.o)
                0xa0000014                errno
 *(.scommon)
                0xa0000018                _sbss_end = .
                0xa0000018                . = ALIGN (0x4)

.bss            0xa0000018        0x0
 *(.dynbss)
 *(COMMON)
                0xa0000018                . = ALIGN ((. != 0x0)?0x4:0x1)
                0xa0000018                . = ALIGN (0x4)
                0xa0000018                _end = .
                0xa0000018                _bss_end = .
                0x00008000                _bmxdudba_address = 0x8000
                0x00008000                _bmxdupba_address = 0x8000

/DISCARD/
 *(.pdr)
 *(.rel.dyn)
 *(.note.GNU-stack)
 *(.note.GNU-stack)
 *(.gnu_debuglink)
 *(.gnu.lto_*)
 *(.discard)

.gptab.sdata
 *(.gptab.data)
 *(.gptab.sdata)

.gptab.sbss
 *(.gptab.bss)
 *(.gptab.sbss)

.mdebug.abi32   0xa0000018        0x0
 *(.mdebug.abi32)
 .mdebug.abi32  0xa0000018        0x0 c:/program files (x86)/microchip/xc32/v1.30/bin/../lib/gcc/pic32mx/4.5.2/crtbegin.o
 .mdebug.abi32  0xa0000018        0x0 build/default/production/source/main.o
 .mdebug.abi32  0xa0000018        0x0 build/default/production/source/mpu6050.o
 .mdebug.abi32  0xa0000018        0x0 c:/program files (x86)/microchip/xc32/v1.30/bin/../lib/gcc/pic32mx/4.5.2/../../../../pic32mx/lib\libm.a(w_pow.o)
 .mdebug.abi32  0xa0000018        0x0 c:/program files (x86)/microchip/xc32/v1.30/bin/../lib/gcc/pic32mx/4.5.2/../../../../pic32mx/lib\libm.a(w_sqrt.o)
 .mdebug.abi32  0xa0000018        0x0 c:/program files (x86)/microchip/xc32/v1.30/bin/../lib/gcc/pic32mx/4.5.2/../../../../pic32mx/lib\libm.a(s_lib_ver.o)
 .mdebug.abi32  0xa0000018        0x0 c:/program files (x86)/microchip/xc32/v1.30/bin/../lib/gcc/pic32mx/4.5.2/../../../../pic32mx/lib\libmchp_peripheral_32MX250F128B.a(int_enable_mv_int_lib.o)
 .mdebug.abi32  0xa0000018        0x0 c:/program files (x86)/microchip/xc32/v1.30/bin/../lib/gcc/pic32mx/4.5.2/../../../../pic32mx/lib\libmchp_peripheral_32MX250F128B.a(uart_lib.o)
 .mdebug.abi32  0xa0000018        0x0 c:/program files (x86)/microchip/xc32/v1.30/bin/../lib/gcc/pic32mx/4.5.2/../../../../pic32mx/lib\libmchp_peripheral_32MX250F128B.a(I2CBusIsIdle.o)
 .mdebug.abi32  0xa0000018        0x0 c:/program files (x86)/microchip/xc32/v1.30/bin/../lib/gcc/pic32mx/4.5.2/../../../../pic32mx/lib\libmchp_peripheral_32MX250F128B.a(I2CByteWasAcknowledged.o)
 .mdebug.abi32  0xa0000018        0x0 c:/program files (x86)/microchip/xc32/v1.30/bin/../lib/gcc/pic32mx/4.5.2/../../../../pic32mx/lib\libmchp_peripheral_32MX250F128B.a(I2CEnable.o)
 .mdebug.abi32  0xa0000018        0x0 c:/program files (x86)/microchip/xc32/v1.30/bin/../lib/gcc/pic32mx/4.5.2/../../../../pic32mx/lib\libmchp_peripheral_32MX250F128B.a(I2CGetByte.o)
 .mdebug.abi32  0xa0000018        0x0 c:/program files (x86)/microchip/xc32/v1.30/bin/../lib/gcc/pic32mx/4.5.2/../../../../pic32mx/lib\libmchp_peripheral_32MX250F128B.a(I2CGetStatus.o)
 .mdebug.abi32  0xa0000018        0x0 c:/program files (x86)/microchip/xc32/v1.30/bin/../lib/gcc/pic32mx/4.5.2/../../../../pic32mx/lib\libmchp_peripheral_32MX250F128B.a(I2CReceivedDataIsAvailable.o)
 .mdebug.abi32  0xa0000018        0x0 c:/program files (x86)/microchip/xc32/v1.30/bin/../lib/gcc/pic32mx/4.5.2/../../../../pic32mx/lib\libmchp_peripheral_32MX250F128B.a(I2CReceiverEnable.o)
 .mdebug.abi32  0xa0000018        0x0 c:/program files (x86)/microchip/xc32/v1.30/bin/../lib/gcc/pic32mx/4.5.2/../../../../pic32mx/lib\libmchp_peripheral_32MX250F128B.a(I2CRepeatStart.o)
 .mdebug.abi32  0xa0000018        0x0 c:/program files (x86)/microchip/xc32/v1.30/bin/../lib/gcc/pic32mx/4.5.2/../../../../pic32mx/lib\libmchp_peripheral_32MX250F128B.a(I2CSendByte.o)
 .mdebug.abi32  0xa0000018        0x0 c:/program files (x86)/microchip/xc32/v1.30/bin/../lib/gcc/pic32mx/4.5.2/../../../../pic32mx/lib\libmchp_peripheral_32MX250F128B.a(I2CSetFrequency.o)
 .mdebug.abi32  0xa0000018        0x0 c:/program files (x86)/microchip/xc32/v1.30/bin/../lib/gcc/pic32mx/4.5.2/../../../../pic32mx/lib\libmchp_peripheral_32MX250F128B.a(I2CStart.o)
 .mdebug.abi32  0xa0000018        0x0 c:/program files (x86)/microchip/xc32/v1.30/bin/../lib/gcc/pic32mx/4.5.2/../../../../pic32mx/lib\libmchp_peripheral_32MX250F128B.a(I2CStop.o)
 .mdebug.abi32  0xa0000018        0x0 c:/program files (x86)/microchip/xc32/v1.30/bin/../lib/gcc/pic32mx/4.5.2/../../../../pic32mx/lib\libmchp_peripheral_32MX250F128B.a(I2CTransmissionHasCompleted.o)
 .mdebug.abi32  0xa0000018        0x0 c:/program files (x86)/microchip/xc32/v1.30/bin/../lib/gcc/pic32mx/4.5.2/../../../../pic32mx/lib\libmchp_peripheral_32MX250F128B.a(I2CTransmitterIsReady.o)
 .mdebug.abi32  0xa0000018        0x0 c:/program files (x86)/microchip/xc32/v1.30/bin/../lib/gcc/pic32mx/4.5.2/../../../../pic32mx/lib\libmchp_peripheral_32MX250F128B.a(int_enable_interrupts_lib.o)
 .mdebug.abi32  0xa0000018        0x0 c:/program files (x86)/microchip/xc32/v1.30/bin/../lib/gcc/pic32mx/4.5.2/../../../../pic32mx/lib\libmchp_peripheral_32MX250F128B.a(I2CPrivate.o)
 .mdebug.abi32  0xa0000018        0x0 c:/program files (x86)/microchip/xc32/v1.30/bin/../lib/gcc/pic32mx/4.5.2/../../../../pic32mx/lib\libpic32.a(default-bootstrap-exception-handler.o)
 .mdebug.abi32  0xa0000018        0x0 c:/program files (x86)/microchip/xc32/v1.30/bin/../lib/gcc/pic32mx/4.5.2/../../../../pic32mx/lib\libpic32.a(default-on-reset.o)
 .mdebug.abi32  0xa0000018        0x0 c:/program files (x86)/microchip/xc32/v1.30/bin/../lib/gcc/pic32mx/4.5.2/../../../../pic32mx/lib\libpic32.a(default-on-bootstrap.o)
 .mdebug.abi32  0xa0000018        0x0 c:/program files (x86)/microchip/xc32/v1.30/bin/../lib/gcc/pic32mx/4.5.2/../../../../pic32mx/lib\libpic32.a(errno.o)
 .mdebug.abi32  0xa0000018        0x0 c:/program files (x86)/microchip/xc32/v1.30/bin/../lib/gcc/pic32mx/4.5.2/../../../../pic32mx/lib\libpic32.a(isinf.o)
 .mdebug.abi32  0xa0000018        0x0 c:/program files (x86)/microchip/xc32/v1.30/bin/../lib/gcc/pic32mx/4.5.2/../../../../pic32mx/lib\libpic32.a(default-general-exception-handler.o)
 .mdebug.abi32  0xa0000018        0x0 c:/program files (x86)/microchip/xc32/v1.30/bin/../lib/gcc/pic32mx/4.5.2/../../../../pic32mx/lib\libpic32.a(defaultinterrupt.o)
 .mdebug.abi32  0xa0000018        0x0 c:/program files (x86)/microchip/xc32/v1.30/bin/../lib/gcc/pic32mx/4.5.2/../../../../pic32mx/lib\libe.a(_unorddf2.o)
 .mdebug.abi32  0xa0000018        0x0 c:/program files (x86)/microchip/xc32/v1.30/bin/../lib/gcc/pic32mx/4.5.2/crtend.o

.mdebug.abiN32
 *(.mdebug.abiN32)

.mdebug.abi64
 *(.mdebug.abi64)

.mdebug.abiO64
 *(.mdebug.abiO64)

.mdebug.eabi32
 *(.mdebug.eabi32)

.mdebug.eabi64
 *(.mdebug.eabi64)

.gcc_compiled_long32
 *(.gcc_compiled_long32)

.gcc_compiled_long64
 *(.gcc_compiled_long64)

.stab
 *(.stab)

.stabstr
 *(.stabstr)

.stab.excl
 *(.stab.excl)

.stab.exclstr
 *(.stab.exclstr)

.stab.index
 *(.stab.index)

.stab.indexstr
 *(.stab.indexstr)

.comment        0x00000000       0xc6
 *(.comment)
 .comment       0x00000000       0x3c c:/program files (x86)/microchip/xc32/v1.30/bin/../lib/gcc/pic32mx/4.5.2/crtbegin.o
                                 0x3d (size before relaxing)
 .comment       0x00000000       0x3d build/default/production/source/main.o
 .comment       0x00000000       0x3d build/default/production/source/mpu6050.o
 .comment       0x00000000       0x3d c:/program files (x86)/microchip/xc32/v1.30/bin/../lib/gcc/pic32mx/4.5.2/../../../../pic32mx/lib\libm.a(w_pow.o)
 .comment       0x00000000       0x3d c:/program files (x86)/microchip/xc32/v1.30/bin/../lib/gcc/pic32mx/4.5.2/../../../../pic32mx/lib\libm.a(w_sqrt.o)
 .comment       0x00000000       0x3d c:/program files (x86)/microchip/xc32/v1.30/bin/../lib/gcc/pic32mx/4.5.2/../../../../pic32mx/lib\libm.a(s_lib_ver.o)
 .comment       0x0000003c       0x3c c:/program files (x86)/microchip/xc32/v1.30/bin/../lib/gcc/pic32mx/4.5.2/../../../../pic32mx/lib\libmchp_peripheral_32MX250F128B.a(int_enable_mv_int_lib.o)
                                 0x3d (size before relaxing)
 .comment       0x00000000       0x3d c:/program files (x86)/microchip/xc32/v1.30/bin/../lib/gcc/pic32mx/4.5.2/../../../../pic32mx/lib\libmchp_peripheral_32MX250F128B.a(uart_lib.o)
 .comment       0x00000000       0x3d c:/program files (x86)/microchip/xc32/v1.30/bin/../lib/gcc/pic32mx/4.5.2/../../../../pic32mx/lib\libmchp_peripheral_32MX250F128B.a(I2CBusIsIdle.o)
 .comment       0x00000000       0x3d c:/program files (x86)/microchip/xc32/v1.30/bin/../lib/gcc/pic32mx/4.5.2/../../../../pic32mx/lib\libmchp_peripheral_32MX250F128B.a(I2CByteWasAcknowledged.o)
 .comment       0x00000000       0x3d c:/program files (x86)/microchip/xc32/v1.30/bin/../lib/gcc/pic32mx/4.5.2/../../../../pic32mx/lib\libmchp_peripheral_32MX250F128B.a(I2CEnable.o)
 .comment       0x00000000       0x3d c:/program files (x86)/microchip/xc32/v1.30/bin/../lib/gcc/pic32mx/4.5.2/../../../../pic32mx/lib\libmchp_peripheral_32MX250F128B.a(I2CGetByte.o)
 .comment       0x00000000       0x3d c:/program files (x86)/microchip/xc32/v1.30/bin/../lib/gcc/pic32mx/4.5.2/../../../../pic32mx/lib\libmchp_peripheral_32MX250F128B.a(I2CGetStatus.o)
 .comment       0x00000000       0x3d c:/program files (x86)/microchip/xc32/v1.30/bin/../lib/gcc/pic32mx/4.5.2/../../../../pic32mx/lib\libmchp_peripheral_32MX250F128B.a(I2CReceivedDataIsAvailable.o)
 .comment       0x00000000       0x3d c:/program files (x86)/microchip/xc32/v1.30/bin/../lib/gcc/pic32mx/4.5.2/../../../../pic32mx/lib\libmchp_peripheral_32MX250F128B.a(I2CReceiverEnable.o)
 .comment       0x00000000       0x3d c:/program files (x86)/microchip/xc32/v1.30/bin/../lib/gcc/pic32mx/4.5.2/../../../../pic32mx/lib\libmchp_peripheral_32MX250F128B.a(I2CRepeatStart.o)
 .comment       0x00000000       0x3d c:/program files (x86)/microchip/xc32/v1.30/bin/../lib/gcc/pic32mx/4.5.2/../../../../pic32mx/lib\libmchp_peripheral_32MX250F128B.a(I2CSendByte.o)
 .comment       0x00000000       0x3d c:/program files (x86)/microchip/xc32/v1.30/bin/../lib/gcc/pic32mx/4.5.2/../../../../pic32mx/lib\libmchp_peripheral_32MX250F128B.a(I2CSetFrequency.o)
 .comment       0x00000000       0x3d c:/program files (x86)/microchip/xc32/v1.30/bin/../lib/gcc/pic32mx/4.5.2/../../../../pic32mx/lib\libmchp_peripheral_32MX250F128B.a(I2CStart.o)
 .comment       0x00000000       0x3d c:/program files (x86)/microchip/xc32/v1.30/bin/../lib/gcc/pic32mx/4.5.2/../../../../pic32mx/lib\libmchp_peripheral_32MX250F128B.a(I2CStop.o)
 .comment       0x00000000       0x3d c:/program files (x86)/microchip/xc32/v1.30/bin/../lib/gcc/pic32mx/4.5.2/../../../../pic32mx/lib\libmchp_peripheral_32MX250F128B.a(I2CTransmissionHasCompleted.o)
 .comment       0x00000000       0x3d c:/program files (x86)/microchip/xc32/v1.30/bin/../lib/gcc/pic32mx/4.5.2/../../../../pic32mx/lib\libmchp_peripheral_32MX250F128B.a(I2CTransmitterIsReady.o)
 .comment       0x00000000       0x3d c:/program files (x86)/microchip/xc32/v1.30/bin/../lib/gcc/pic32mx/4.5.2/../../../../pic32mx/lib\libmchp_peripheral_32MX250F128B.a(int_enable_interrupts_lib.o)
 .comment       0x00000000       0x3d c:/program files (x86)/microchip/xc32/v1.30/bin/../lib/gcc/pic32mx/4.5.2/../../../../pic32mx/lib\libmchp_peripheral_32MX250F128B.a(I2CPrivate.o)
 .comment       0x00000000       0x3d c:/program files (x86)/microchip/xc32/v1.30/bin/../lib/gcc/pic32mx/4.5.2/../../../../pic32mx/lib\libpic32.a(default-bootstrap-exception-handler.o)
 .comment       0x00000000       0x3d c:/program files (x86)/microchip/xc32/v1.30/bin/../lib/gcc/pic32mx/4.5.2/../../../../pic32mx/lib\libpic32.a(default-on-reset.o)
 .comment       0x00000000       0x3d c:/program files (x86)/microchip/xc32/v1.30/bin/../lib/gcc/pic32mx/4.5.2/../../../../pic32mx/lib\libpic32.a(default-on-bootstrap.o)
 .comment       0x00000000       0x3d c:/program files (x86)/microchip/xc32/v1.30/bin/../lib/gcc/pic32mx/4.5.2/../../../../pic32mx/lib\libpic32.a(errno.o)
 .comment       0x00000000       0x3d c:/program files (x86)/microchip/xc32/v1.30/bin/../lib/gcc/pic32mx/4.5.2/../../../../pic32mx/lib\libpic32.a(isinf.o)
 .comment       0x00000000       0x3d c:/program files (x86)/microchip/xc32/v1.30/bin/../lib/gcc/pic32mx/4.5.2/../../../../pic32mx/lib\libpic32.a(default-general-exception-handler.o)
 .comment       0x00000000       0x3d c:/program files (x86)/microchip/xc32/v1.30/bin/../lib/gcc/pic32mx/4.5.2/../../../../pic32mx/lib\libpic32.a(defaultinterrupt.o)
 .comment       0x00000078       0x4e c:/program files (x86)/microchip/xc32/v1.30/bin/../lib/gcc/pic32mx/4.5.2/../../../../pic32mx/lib\libe.a(_unorddf2.o)
                                 0x8b (size before relaxing)
 .comment       0x00000000       0x3d c:/program files (x86)/microchip/xc32/v1.30/bin/../lib/gcc/pic32mx/4.5.2/crtend.o

.debug
 *(.debug)

.line
 *(.line)

.debug_srcinfo
 *(.debug_srcinfo)

.debug_sfnames
 *(.debug_sfnames)

.debug_aranges  0x00000000      0x400
 *(.debug_aranges)
 .debug_aranges
                0x00000000       0x20 build/default/production/source/main.o
 .debug_aranges
                0x00000020       0x40 build/default/production/source/mpu6050.o
 .debug_aranges
                0x00000060       0x20 c:/program files (x86)/microchip/xc32/v1.30/bin/../lib/gcc/pic32mx/4.5.2/../../../../pic32mx/lib\libm.a(w_pow.o)
 .debug_aranges
                0x00000080       0x20 c:/program files (x86)/microchip/xc32/v1.30/bin/../lib/gcc/pic32mx/4.5.2/../../../../pic32mx/lib\libm.a(w_sqrt.o)
 .debug_aranges
                0x000000a0       0x20 c:/program files (x86)/microchip/xc32/v1.30/bin/../lib/gcc/pic32mx/4.5.2/../../../../pic32mx/lib\libmchp_peripheral_32MX250F128B.a(int_enable_mv_int_lib.o)
 .debug_aranges
                0x000000c0       0x58 c:/program files (x86)/microchip/xc32/v1.30/bin/../lib/gcc/pic32mx/4.5.2/../../../../pic32mx/lib\libmchp_peripheral_32MX250F128B.a(uart_lib.o)
 .debug_aranges
                0x00000118       0x20 c:/program files (x86)/microchip/xc32/v1.30/bin/../lib/gcc/pic32mx/4.5.2/../../../../pic32mx/lib\libmchp_peripheral_32MX250F128B.a(I2CBusIsIdle.o)
 .debug_aranges
                0x00000138       0x20 c:/program files (x86)/microchip/xc32/v1.30/bin/../lib/gcc/pic32mx/4.5.2/../../../../pic32mx/lib\libmchp_peripheral_32MX250F128B.a(I2CByteWasAcknowledged.o)
 .debug_aranges
                0x00000158       0x20 c:/program files (x86)/microchip/xc32/v1.30/bin/../lib/gcc/pic32mx/4.5.2/../../../../pic32mx/lib\libmchp_peripheral_32MX250F128B.a(I2CEnable.o)
 .debug_aranges
                0x00000178       0x20 c:/program files (x86)/microchip/xc32/v1.30/bin/../lib/gcc/pic32mx/4.5.2/../../../../pic32mx/lib\libmchp_peripheral_32MX250F128B.a(I2CGetByte.o)
 .debug_aranges
                0x00000198       0x20 c:/program files (x86)/microchip/xc32/v1.30/bin/../lib/gcc/pic32mx/4.5.2/../../../../pic32mx/lib\libmchp_peripheral_32MX250F128B.a(I2CGetStatus.o)
 .debug_aranges
                0x000001b8       0x20 c:/program files (x86)/microchip/xc32/v1.30/bin/../lib/gcc/pic32mx/4.5.2/../../../../pic32mx/lib\libmchp_peripheral_32MX250F128B.a(I2CReceivedDataIsAvailable.o)
 .debug_aranges
                0x000001d8       0x20 c:/program files (x86)/microchip/xc32/v1.30/bin/../lib/gcc/pic32mx/4.5.2/../../../../pic32mx/lib\libmchp_peripheral_32MX250F128B.a(I2CReceiverEnable.o)
 .debug_aranges
                0x000001f8       0x20 c:/program files (x86)/microchip/xc32/v1.30/bin/../lib/gcc/pic32mx/4.5.2/../../../../pic32mx/lib\libmchp_peripheral_32MX250F128B.a(I2CRepeatStart.o)
 .debug_aranges
                0x00000218       0x20 c:/program files (x86)/microchip/xc32/v1.30/bin/../lib/gcc/pic32mx/4.5.2/../../../../pic32mx/lib\libmchp_peripheral_32MX250F128B.a(I2CSendByte.o)
 .debug_aranges
                0x00000238       0x20 c:/program files (x86)/microchip/xc32/v1.30/bin/../lib/gcc/pic32mx/4.5.2/../../../../pic32mx/lib\libmchp_peripheral_32MX250F128B.a(I2CSetFrequency.o)
 .debug_aranges
                0x00000258       0x20 c:/program files (x86)/microchip/xc32/v1.30/bin/../lib/gcc/pic32mx/4.5.2/../../../../pic32mx/lib\libmchp_peripheral_32MX250F128B.a(I2CStart.o)
 .debug_aranges
                0x00000278       0x20 c:/program files (x86)/microchip/xc32/v1.30/bin/../lib/gcc/pic32mx/4.5.2/../../../../pic32mx/lib\libmchp_peripheral_32MX250F128B.a(I2CStop.o)
 .debug_aranges
                0x00000298       0x20 c:/program files (x86)/microchip/xc32/v1.30/bin/../lib/gcc/pic32mx/4.5.2/../../../../pic32mx/lib\libmchp_peripheral_32MX250F128B.a(I2CTransmissionHasCompleted.o)
 .debug_aranges
                0x000002b8       0x20 c:/program files (x86)/microchip/xc32/v1.30/bin/../lib/gcc/pic32mx/4.5.2/../../../../pic32mx/lib\libmchp_peripheral_32MX250F128B.a(I2CTransmitterIsReady.o)
 .debug_aranges
                0x000002d8       0x20 c:/program files (x86)/microchip/xc32/v1.30/bin/../lib/gcc/pic32mx/4.5.2/../../../../pic32mx/lib\libmchp_peripheral_32MX250F128B.a(int_enable_interrupts_lib.o)
 .debug_aranges
                0x000002f8       0x20 c:/program files (x86)/microchip/xc32/v1.30/bin/../lib/gcc/pic32mx/4.5.2/../../../../pic32mx/lib\libpic32.a(default-bootstrap-exception-handler.o)
 .debug_aranges
                0x00000318       0x20 c:/program files (x86)/microchip/xc32/v1.30/bin/../lib/gcc/pic32mx/4.5.2/../../../../pic32mx/lib\libpic32.a(default-on-reset.o)
 .debug_aranges
                0x00000338       0x20 c:/program files (x86)/microchip/xc32/v1.30/bin/../lib/gcc/pic32mx/4.5.2/../../../../pic32mx/lib\libpic32.a(default-on-bootstrap.o)
 .debug_aranges
                0x00000358       0x48 c:/program files (x86)/microchip/xc32/v1.30/bin/../lib/gcc/pic32mx/4.5.2/../../../../pic32mx/lib\libpic32.a(isinf.o)
 .debug_aranges
                0x000003a0       0x20 c:/program files (x86)/microchip/xc32/v1.30/bin/../lib/gcc/pic32mx/4.5.2/../../../../pic32mx/lib\libpic32.a(default-general-exception-handler.o)
 .debug_aranges
                0x000003c0       0x20 c:/program files (x86)/microchip/xc32/v1.30/bin/../lib/gcc/pic32mx/4.5.2/../../../../pic32mx/lib\libpic32.a(defaultinterrupt.o)
 .debug_aranges
                0x000003e0       0x20 c:/program files (x86)/microchip/xc32/v1.30/bin/../lib/gcc/pic32mx/4.5.2/../../../../pic32mx/lib\libe.a(_unorddf2.o)

.debug_pubnames
                0x00000000      0x74f
 *(.debug_pubnames)
 .debug_pubnames
                0x00000000       0xab build/default/production/source/main.o
 .debug_pubnames
                0x000000ab      0x206 build/default/production/source/mpu6050.o
 .debug_pubnames
                0x000002b1       0x1a c:/program files (x86)/microchip/xc32/v1.30/bin/../lib/gcc/pic32mx/4.5.2/../../../../pic32mx/lib\libm.a(w_pow.o)
 .debug_pubnames
                0x000002cb       0x1b c:/program files (x86)/microchip/xc32/v1.30/bin/../lib/gcc/pic32mx/4.5.2/../../../../pic32mx/lib\libm.a(w_sqrt.o)
 .debug_pubnames
                0x000002e6       0x36 c:/program files (x86)/microchip/xc32/v1.30/bin/../lib/gcc/pic32mx/4.5.2/../../../../pic32mx/lib\libmchp_peripheral_32MX250F128B.a(int_enable_mv_int_lib.o)
 .debug_pubnames
                0x0000031c       0xb1 c:/program files (x86)/microchip/xc32/v1.30/bin/../lib/gcc/pic32mx/4.5.2/../../../../pic32mx/lib\libmchp_peripheral_32MX250F128B.a(uart_lib.o)
 .debug_pubnames
                0x000003cd       0x23 c:/program files (x86)/microchip/xc32/v1.30/bin/../lib/gcc/pic32mx/4.5.2/../../../../pic32mx/lib\libmchp_peripheral_32MX250F128B.a(I2CBusIsIdle.o)
 .debug_pubnames
                0x000003f0       0x2d c:/program files (x86)/microchip/xc32/v1.30/bin/../lib/gcc/pic32mx/4.5.2/../../../../pic32mx/lib\libmchp_peripheral_32MX250F128B.a(I2CByteWasAcknowledged.o)
 .debug_pubnames
                0x0000041d       0x20 c:/program files (x86)/microchip/xc32/v1.30/bin/../lib/gcc/pic32mx/4.5.2/../../../../pic32mx/lib\libmchp_peripheral_32MX250F128B.a(I2CEnable.o)
 .debug_pubnames
                0x0000043d       0x21 c:/program files (x86)/microchip/xc32/v1.30/bin/../lib/gcc/pic32mx/4.5.2/../../../../pic32mx/lib\libmchp_peripheral_32MX250F128B.a(I2CGetByte.o)
 .debug_pubnames
                0x0000045e       0x23 c:/program files (x86)/microchip/xc32/v1.30/bin/../lib/gcc/pic32mx/4.5.2/../../../../pic32mx/lib\libmchp_peripheral_32MX250F128B.a(I2CGetStatus.o)
 .debug_pubnames
                0x00000481       0x31 c:/program files (x86)/microchip/xc32/v1.30/bin/../lib/gcc/pic32mx/4.5.2/../../../../pic32mx/lib\libmchp_peripheral_32MX250F128B.a(I2CReceivedDataIsAvailable.o)
 .debug_pubnames
                0x000004b2       0x28 c:/program files (x86)/microchip/xc32/v1.30/bin/../lib/gcc/pic32mx/4.5.2/../../../../pic32mx/lib\libmchp_peripheral_32MX250F128B.a(I2CReceiverEnable.o)
 .debug_pubnames
                0x000004da       0x25 c:/program files (x86)/microchip/xc32/v1.30/bin/../lib/gcc/pic32mx/4.5.2/../../../../pic32mx/lib\libmchp_peripheral_32MX250F128B.a(I2CRepeatStart.o)
 .debug_pubnames
                0x000004ff       0x22 c:/program files (x86)/microchip/xc32/v1.30/bin/../lib/gcc/pic32mx/4.5.2/../../../../pic32mx/lib\libmchp_peripheral_32MX250F128B.a(I2CSendByte.o)
 .debug_pubnames
                0x00000521       0x26 c:/program files (x86)/microchip/xc32/v1.30/bin/../lib/gcc/pic32mx/4.5.2/../../../../pic32mx/lib\libmchp_peripheral_32MX250F128B.a(I2CSetFrequency.o)
 .debug_pubnames
                0x00000547       0x1f c:/program files (x86)/microchip/xc32/v1.30/bin/../lib/gcc/pic32mx/4.5.2/../../../../pic32mx/lib\libmchp_peripheral_32MX250F128B.a(I2CStart.o)
 .debug_pubnames
                0x00000566       0x1e c:/program files (x86)/microchip/xc32/v1.30/bin/../lib/gcc/pic32mx/4.5.2/../../../../pic32mx/lib\libmchp_peripheral_32MX250F128B.a(I2CStop.o)
 .debug_pubnames
                0x00000584       0x32 c:/program files (x86)/microchip/xc32/v1.30/bin/../lib/gcc/pic32mx/4.5.2/../../../../pic32mx/lib\libmchp_peripheral_32MX250F128B.a(I2CTransmissionHasCompleted.o)
 .debug_pubnames
                0x000005b6       0x2c c:/program files (x86)/microchip/xc32/v1.30/bin/../lib/gcc/pic32mx/4.5.2/../../../../pic32mx/lib\libmchp_peripheral_32MX250F128B.a(I2CTransmitterIsReady.o)
 .debug_pubnames
                0x000005e2       0x2a c:/program files (x86)/microchip/xc32/v1.30/bin/../lib/gcc/pic32mx/4.5.2/../../../../pic32mx/lib\libmchp_peripheral_32MX250F128B.a(int_enable_interrupts_lib.o)
 .debug_pubnames
                0x0000060c       0x33 c:/program files (x86)/microchip/xc32/v1.30/bin/../lib/gcc/pic32mx/4.5.2/../../../../pic32mx/lib\libpic32.a(default-bootstrap-exception-handler.o)
 .debug_pubnames
                0x0000063f       0x20 c:/program files (x86)/microchip/xc32/v1.30/bin/../lib/gcc/pic32mx/4.5.2/../../../../pic32mx/lib\libpic32.a(default-on-reset.o)
 .debug_pubnames
                0x0000065f       0x24 c:/program files (x86)/microchip/xc32/v1.30/bin/../lib/gcc/pic32mx/4.5.2/../../../../pic32mx/lib\libpic32.a(default-on-bootstrap.o)
 .debug_pubnames
                0x00000683       0x52 c:/program files (x86)/microchip/xc32/v1.30/bin/../lib/gcc/pic32mx/4.5.2/../../../../pic32mx/lib\libpic32.a(isinf.o)
 .debug_pubnames
                0x000006d5       0x31 c:/program files (x86)/microchip/xc32/v1.30/bin/../lib/gcc/pic32mx/4.5.2/../../../../pic32mx/lib\libpic32.a(default-general-exception-handler.o)
 .debug_pubnames
                0x00000706       0x28 c:/program files (x86)/microchip/xc32/v1.30/bin/../lib/gcc/pic32mx/4.5.2/../../../../pic32mx/lib\libpic32.a(defaultinterrupt.o)
 .debug_pubnames
                0x0000072e       0x21 c:/program files (x86)/microchip/xc32/v1.30/bin/../lib/gcc/pic32mx/4.5.2/../../../../pic32mx/lib\libe.a(_unorddf2.o)

.debug_info     0x00000000     0x5465
 *(.debug_info .gnu.linkonce.wi.*)
 .debug_info    0x00000000     0x1e78 build/default/production/source/main.o
 .debug_info    0x00001e78     0x22d5 build/default/production/source/mpu6050.o
 .debug_info    0x0000414d       0xab c:/program files (x86)/microchip/xc32/v1.30/bin/../lib/gcc/pic32mx/4.5.2/../../../../pic32mx/lib\libm.a(w_pow.o)
 .debug_info    0x000041f8       0xa6 c:/program files (x86)/microchip/xc32/v1.30/bin/../lib/gcc/pic32mx/4.5.2/../../../../pic32mx/lib\libm.a(w_sqrt.o)
 .debug_info    0x0000429e        0x0 c:/program files (x86)/microchip/xc32/v1.30/bin/../lib/gcc/pic32mx/4.5.2/../../../../pic32mx/lib\libm.a(s_lib_ver.o)
 .debug_info    0x0000429e       0xbc c:/program files (x86)/microchip/xc32/v1.30/bin/../lib/gcc/pic32mx/4.5.2/../../../../pic32mx/lib\libmchp_peripheral_32MX250F128B.a(int_enable_mv_int_lib.o)
 .debug_info    0x0000435a      0x175 c:/program files (x86)/microchip/xc32/v1.30/bin/../lib/gcc/pic32mx/4.5.2/../../../../pic32mx/lib\libmchp_peripheral_32MX250F128B.a(uart_lib.o)
 .debug_info    0x000044cf       0xa0 c:/program files (x86)/microchip/xc32/v1.30/bin/../lib/gcc/pic32mx/4.5.2/../../../../pic32mx/lib\libmchp_peripheral_32MX250F128B.a(I2CBusIsIdle.o)
 .debug_info    0x0000456f       0xb4 c:/program files (x86)/microchip/xc32/v1.30/bin/../lib/gcc/pic32mx/4.5.2/../../../../pic32mx/lib\libmchp_peripheral_32MX250F128B.a(I2CByteWasAcknowledged.o)
 .debug_info    0x00004623       0x9a c:/program files (x86)/microchip/xc32/v1.30/bin/../lib/gcc/pic32mx/4.5.2/../../../../pic32mx/lib\libmchp_peripheral_32MX250F128B.a(I2CEnable.o)
 .debug_info    0x000046bd       0x9c c:/program files (x86)/microchip/xc32/v1.30/bin/../lib/gcc/pic32mx/4.5.2/../../../../pic32mx/lib\libmchp_peripheral_32MX250F128B.a(I2CGetByte.o)
 .debug_info    0x00004759       0xa0 c:/program files (x86)/microchip/xc32/v1.30/bin/../lib/gcc/pic32mx/4.5.2/../../../../pic32mx/lib\libmchp_peripheral_32MX250F128B.a(I2CGetStatus.o)
 .debug_info    0x000047f9       0xbc c:/program files (x86)/microchip/xc32/v1.30/bin/../lib/gcc/pic32mx/4.5.2/../../../../pic32mx/lib\libmchp_peripheral_32MX250F128B.a(I2CReceivedDataIsAvailable.o)
 .debug_info    0x000048b5       0xaa c:/program files (x86)/microchip/xc32/v1.30/bin/../lib/gcc/pic32mx/4.5.2/../../../../pic32mx/lib\libmchp_peripheral_32MX250F128B.a(I2CReceiverEnable.o)
 .debug_info    0x0000495f       0xa4 c:/program files (x86)/microchip/xc32/v1.30/bin/../lib/gcc/pic32mx/4.5.2/../../../../pic32mx/lib\libmchp_peripheral_32MX250F128B.a(I2CRepeatStart.o)
 .debug_info    0x00004a03       0x9e c:/program files (x86)/microchip/xc32/v1.30/bin/../lib/gcc/pic32mx/4.5.2/../../../../pic32mx/lib\libmchp_peripheral_32MX250F128B.a(I2CSendByte.o)
 .debug_info    0x00004aa1       0xa6 c:/program files (x86)/microchip/xc32/v1.30/bin/../lib/gcc/pic32mx/4.5.2/../../../../pic32mx/lib\libmchp_peripheral_32MX250F128B.a(I2CSetFrequency.o)
 .debug_info    0x00004b47       0x98 c:/program files (x86)/microchip/xc32/v1.30/bin/../lib/gcc/pic32mx/4.5.2/../../../../pic32mx/lib\libmchp_peripheral_32MX250F128B.a(I2CStart.o)
 .debug_info    0x00004bdf       0x96 c:/program files (x86)/microchip/xc32/v1.30/bin/../lib/gcc/pic32mx/4.5.2/../../../../pic32mx/lib\libmchp_peripheral_32MX250F128B.a(I2CStop.o)
 .debug_info    0x00004c75       0xbe c:/program files (x86)/microchip/xc32/v1.30/bin/../lib/gcc/pic32mx/4.5.2/../../../../pic32mx/lib\libmchp_peripheral_32MX250F128B.a(I2CTransmissionHasCompleted.o)
 .debug_info    0x00004d33       0xb2 c:/program files (x86)/microchip/xc32/v1.30/bin/../lib/gcc/pic32mx/4.5.2/../../../../pic32mx/lib\libmchp_peripheral_32MX250F128B.a(I2CTransmitterIsReady.o)
 .debug_info    0x00004de5       0xb4 c:/program files (x86)/microchip/xc32/v1.30/bin/../lib/gcc/pic32mx/4.5.2/../../../../pic32mx/lib\libmchp_peripheral_32MX250F128B.a(int_enable_interrupts_lib.o)
 .debug_info    0x00004e99        0x0 c:/program files (x86)/microchip/xc32/v1.30/bin/../lib/gcc/pic32mx/4.5.2/../../../../pic32mx/lib\libmchp_peripheral_32MX250F128B.a(I2CPrivate.o)
 .debug_info    0x00004e99       0xde c:/program files (x86)/microchip/xc32/v1.30/bin/../lib/gcc/pic32mx/4.5.2/../../../../pic32mx/lib\libpic32.a(default-bootstrap-exception-handler.o)
 .debug_info    0x00004f77       0xb8 c:/program files (x86)/microchip/xc32/v1.30/bin/../lib/gcc/pic32mx/4.5.2/../../../../pic32mx/lib\libpic32.a(default-on-reset.o)
 .debug_info    0x0000502f       0xc0 c:/program files (x86)/microchip/xc32/v1.30/bin/../lib/gcc/pic32mx/4.5.2/../../../../pic32mx/lib\libpic32.a(default-on-bootstrap.o)
 .debug_info    0x000050ef        0x0 c:/program files (x86)/microchip/xc32/v1.30/bin/../lib/gcc/pic32mx/4.5.2/../../../../pic32mx/lib\libpic32.a(errno.o)
 .debug_info    0x000050ef      0x111 c:/program files (x86)/microchip/xc32/v1.30/bin/../lib/gcc/pic32mx/4.5.2/../../../../pic32mx/lib\libpic32.a(isinf.o)
 .debug_info    0x00005200       0xda c:/program files (x86)/microchip/xc32/v1.30/bin/../lib/gcc/pic32mx/4.5.2/../../../../pic32mx/lib\libpic32.a(default-general-exception-handler.o)
 .debug_info    0x000052da       0xd2 c:/program files (x86)/microchip/xc32/v1.30/bin/../lib/gcc/pic32mx/4.5.2/../../../../pic32mx/lib\libpic32.a(defaultinterrupt.o)
 .debug_info    0x000053ac       0xb9 c:/program files (x86)/microchip/xc32/v1.30/bin/../lib/gcc/pic32mx/4.5.2/../../../../pic32mx/lib\libe.a(_unorddf2.o)

.debug_abbrev   0x00000000      0xa83
 *(.debug_abbrev)
 .debug_abbrev  0x00000000      0x305 build/default/production/source/main.o
 .debug_abbrev  0x00000305      0x3ab build/default/production/source/mpu6050.o
 .debug_abbrev  0x000006b0       0x23 c:/program files (x86)/microchip/xc32/v1.30/bin/../lib/gcc/pic32mx/4.5.2/../../../../pic32mx/lib\libm.a(w_pow.o)
 .debug_abbrev  0x000006d3       0x23 c:/program files (x86)/microchip/xc32/v1.30/bin/../lib/gcc/pic32mx/4.5.2/../../../../pic32mx/lib\libm.a(w_sqrt.o)
 .debug_abbrev  0x000006f6        0x1 c:/program files (x86)/microchip/xc32/v1.30/bin/../lib/gcc/pic32mx/4.5.2/../../../../pic32mx/lib\libm.a(s_lib_ver.o)
 .debug_abbrev  0x000006f7       0x25 c:/program files (x86)/microchip/xc32/v1.30/bin/../lib/gcc/pic32mx/4.5.2/../../../../pic32mx/lib\libmchp_peripheral_32MX250F128B.a(int_enable_mv_int_lib.o)
 .debug_abbrev  0x0000071c       0x38 c:/program files (x86)/microchip/xc32/v1.30/bin/../lib/gcc/pic32mx/4.5.2/../../../../pic32mx/lib\libmchp_peripheral_32MX250F128B.a(uart_lib.o)
 .debug_abbrev  0x00000754       0x25 c:/program files (x86)/microchip/xc32/v1.30/bin/../lib/gcc/pic32mx/4.5.2/../../../../pic32mx/lib\libmchp_peripheral_32MX250F128B.a(I2CBusIsIdle.o)
 .debug_abbrev  0x00000779       0x25 c:/program files (x86)/microchip/xc32/v1.30/bin/../lib/gcc/pic32mx/4.5.2/../../../../pic32mx/lib\libmchp_peripheral_32MX250F128B.a(I2CByteWasAcknowledged.o)
 .debug_abbrev  0x0000079e       0x25 c:/program files (x86)/microchip/xc32/v1.30/bin/../lib/gcc/pic32mx/4.5.2/../../../../pic32mx/lib\libmchp_peripheral_32MX250F128B.a(I2CEnable.o)
 .debug_abbrev  0x000007c3       0x25 c:/program files (x86)/microchip/xc32/v1.30/bin/../lib/gcc/pic32mx/4.5.2/../../../../pic32mx/lib\libmchp_peripheral_32MX250F128B.a(I2CGetByte.o)
 .debug_abbrev  0x000007e8       0x25 c:/program files (x86)/microchip/xc32/v1.30/bin/../lib/gcc/pic32mx/4.5.2/../../../../pic32mx/lib\libmchp_peripheral_32MX250F128B.a(I2CGetStatus.o)
 .debug_abbrev  0x0000080d       0x25 c:/program files (x86)/microchip/xc32/v1.30/bin/../lib/gcc/pic32mx/4.5.2/../../../../pic32mx/lib\libmchp_peripheral_32MX250F128B.a(I2CReceivedDataIsAvailable.o)
 .debug_abbrev  0x00000832       0x25 c:/program files (x86)/microchip/xc32/v1.30/bin/../lib/gcc/pic32mx/4.5.2/../../../../pic32mx/lib\libmchp_peripheral_32MX250F128B.a(I2CReceiverEnable.o)
 .debug_abbrev  0x00000857       0x25 c:/program files (x86)/microchip/xc32/v1.30/bin/../lib/gcc/pic32mx/4.5.2/../../../../pic32mx/lib\libmchp_peripheral_32MX250F128B.a(I2CRepeatStart.o)
 .debug_abbrev  0x0000087c       0x25 c:/program files (x86)/microchip/xc32/v1.30/bin/../lib/gcc/pic32mx/4.5.2/../../../../pic32mx/lib\libmchp_peripheral_32MX250F128B.a(I2CSendByte.o)
 .debug_abbrev  0x000008a1       0x25 c:/program files (x86)/microchip/xc32/v1.30/bin/../lib/gcc/pic32mx/4.5.2/../../../../pic32mx/lib\libmchp_peripheral_32MX250F128B.a(I2CSetFrequency.o)
 .debug_abbrev  0x000008c6       0x25 c:/program files (x86)/microchip/xc32/v1.30/bin/../lib/gcc/pic32mx/4.5.2/../../../../pic32mx/lib\libmchp_peripheral_32MX250F128B.a(I2CStart.o)
 .debug_abbrev  0x000008eb       0x25 c:/program files (x86)/microchip/xc32/v1.30/bin/../lib/gcc/pic32mx/4.5.2/../../../../pic32mx/lib\libmchp_peripheral_32MX250F128B.a(I2CStop.o)
 .debug_abbrev  0x00000910       0x25 c:/program files (x86)/microchip/xc32/v1.30/bin/../lib/gcc/pic32mx/4.5.2/../../../../pic32mx/lib\libmchp_peripheral_32MX250F128B.a(I2CTransmissionHasCompleted.o)
 .debug_abbrev  0x00000935       0x25 c:/program files (x86)/microchip/xc32/v1.30/bin/../lib/gcc/pic32mx/4.5.2/../../../../pic32mx/lib\libmchp_peripheral_32MX250F128B.a(I2CTransmitterIsReady.o)
 .debug_abbrev  0x0000095a       0x25 c:/program files (x86)/microchip/xc32/v1.30/bin/../lib/gcc/pic32mx/4.5.2/../../../../pic32mx/lib\libmchp_peripheral_32MX250F128B.a(int_enable_interrupts_lib.o)
 .debug_abbrev  0x0000097f        0x1 c:/program files (x86)/microchip/xc32/v1.30/bin/../lib/gcc/pic32mx/4.5.2/../../../../pic32mx/lib\libmchp_peripheral_32MX250F128B.a(I2CPrivate.o)
 .debug_abbrev  0x00000980       0x23 c:/program files (x86)/microchip/xc32/v1.30/bin/../lib/gcc/pic32mx/4.5.2/../../../../pic32mx/lib\libpic32.a(default-bootstrap-exception-handler.o)
 .debug_abbrev  0x000009a3       0x23 c:/program files (x86)/microchip/xc32/v1.30/bin/../lib/gcc/pic32mx/4.5.2/../../../../pic32mx/lib\libpic32.a(default-on-reset.o)
 .debug_abbrev  0x000009c6       0x23 c:/program files (x86)/microchip/xc32/v1.30/bin/../lib/gcc/pic32mx/4.5.2/../../../../pic32mx/lib\libpic32.a(default-on-bootstrap.o)
 .debug_abbrev  0x000009e9        0x1 c:/program files (x86)/microchip/xc32/v1.30/bin/../lib/gcc/pic32mx/4.5.2/../../../../pic32mx/lib\libpic32.a(errno.o)
 .debug_abbrev  0x000009ea       0x23 c:/program files (x86)/microchip/xc32/v1.30/bin/../lib/gcc/pic32mx/4.5.2/../../../../pic32mx/lib\libpic32.a(isinf.o)
 .debug_abbrev  0x00000a0d       0x23 c:/program files (x86)/microchip/xc32/v1.30/bin/../lib/gcc/pic32mx/4.5.2/../../../../pic32mx/lib\libpic32.a(default-general-exception-handler.o)
 .debug_abbrev  0x00000a30       0x23 c:/program files (x86)/microchip/xc32/v1.30/bin/../lib/gcc/pic32mx/4.5.2/../../../../pic32mx/lib\libpic32.a(defaultinterrupt.o)
 .debug_abbrev  0x00000a53       0x30 c:/program files (x86)/microchip/xc32/v1.30/bin/../lib/gcc/pic32mx/4.5.2/../../../../pic32mx/lib\libe.a(_unorddf2.o)

.debug_line     0x00000000     0x12a9
 *(.debug_line)
 .debug_line    0x00000000      0x2b7 build/default/production/source/main.o
 .debug_line    0x000002b7      0x445 build/default/production/source/mpu6050.o
 .debug_line    0x000006fc       0x7d c:/program files (x86)/microchip/xc32/v1.30/bin/../lib/gcc/pic32mx/4.5.2/../../../../pic32mx/lib\libm.a(w_pow.o)
 .debug_line    0x00000779       0x77 c:/program files (x86)/microchip/xc32/v1.30/bin/../lib/gcc/pic32mx/4.5.2/../../../../pic32mx/lib\libm.a(w_sqrt.o)
 .debug_line    0x000007f0        0x0 c:/program files (x86)/microchip/xc32/v1.30/bin/../lib/gcc/pic32mx/4.5.2/../../../../pic32mx/lib\libm.a(s_lib_ver.o)
 .debug_line    0x000007f0       0x6e c:/program files (x86)/microchip/xc32/v1.30/bin/../lib/gcc/pic32mx/4.5.2/../../../../pic32mx/lib\libmchp_peripheral_32MX250F128B.a(int_enable_mv_int_lib.o)
 .debug_line    0x0000085e       0x62 c:/program files (x86)/microchip/xc32/v1.30/bin/../lib/gcc/pic32mx/4.5.2/../../../../pic32mx/lib\libmchp_peripheral_32MX250F128B.a(uart_lib.o)
 .debug_line    0x000008c0       0x65 c:/program files (x86)/microchip/xc32/v1.30/bin/../lib/gcc/pic32mx/4.5.2/../../../../pic32mx/lib\libmchp_peripheral_32MX250F128B.a(I2CBusIsIdle.o)
 .debug_line    0x00000925       0x6f c:/program files (x86)/microchip/xc32/v1.30/bin/../lib/gcc/pic32mx/4.5.2/../../../../pic32mx/lib\libmchp_peripheral_32MX250F128B.a(I2CByteWasAcknowledged.o)
 .debug_line    0x00000994       0x62 c:/program files (x86)/microchip/xc32/v1.30/bin/../lib/gcc/pic32mx/4.5.2/../../../../pic32mx/lib\libmchp_peripheral_32MX250F128B.a(I2CEnable.o)
 .debug_line    0x000009f6       0x63 c:/program files (x86)/microchip/xc32/v1.30/bin/../lib/gcc/pic32mx/4.5.2/../../../../pic32mx/lib\libmchp_peripheral_32MX250F128B.a(I2CGetByte.o)
 .debug_line    0x00000a59       0x65 c:/program files (x86)/microchip/xc32/v1.30/bin/../lib/gcc/pic32mx/4.5.2/../../../../pic32mx/lib\libmchp_peripheral_32MX250F128B.a(I2CGetStatus.o)
 .debug_line    0x00000abe       0x73 c:/program files (x86)/microchip/xc32/v1.30/bin/../lib/gcc/pic32mx/4.5.2/../../../../pic32mx/lib\libmchp_peripheral_32MX250F128B.a(I2CReceivedDataIsAvailable.o)
 .debug_line    0x00000b31       0x6a c:/program files (x86)/microchip/xc32/v1.30/bin/../lib/gcc/pic32mx/4.5.2/../../../../pic32mx/lib\libmchp_peripheral_32MX250F128B.a(I2CReceiverEnable.o)
 .debug_line    0x00000b9b       0x67 c:/program files (x86)/microchip/xc32/v1.30/bin/../lib/gcc/pic32mx/4.5.2/../../../../pic32mx/lib\libmchp_peripheral_32MX250F128B.a(I2CRepeatStart.o)
 .debug_line    0x00000c02       0x64 c:/program files (x86)/microchip/xc32/v1.30/bin/../lib/gcc/pic32mx/4.5.2/../../../../pic32mx/lib\libmchp_peripheral_32MX250F128B.a(I2CSendByte.o)
 .debug_line    0x00000c66       0x68 c:/program files (x86)/microchip/xc32/v1.30/bin/../lib/gcc/pic32mx/4.5.2/../../../../pic32mx/lib\libmchp_peripheral_32MX250F128B.a(I2CSetFrequency.o)
 .debug_line    0x00000cce       0x61 c:/program files (x86)/microchip/xc32/v1.30/bin/../lib/gcc/pic32mx/4.5.2/../../../../pic32mx/lib\libmchp_peripheral_32MX250F128B.a(I2CStart.o)
 .debug_line    0x00000d2f       0x60 c:/program files (x86)/microchip/xc32/v1.30/bin/../lib/gcc/pic32mx/4.5.2/../../../../pic32mx/lib\libmchp_peripheral_32MX250F128B.a(I2CStop.o)
 .debug_line    0x00000d8f       0x74 c:/program files (x86)/microchip/xc32/v1.30/bin/../lib/gcc/pic32mx/4.5.2/../../../../pic32mx/lib\libmchp_peripheral_32MX250F128B.a(I2CTransmissionHasCompleted.o)
 .debug_line    0x00000e03       0x6e c:/program files (x86)/microchip/xc32/v1.30/bin/../lib/gcc/pic32mx/4.5.2/../../../../pic32mx/lib\libmchp_peripheral_32MX250F128B.a(I2CTransmitterIsReady.o)
 .debug_line    0x00000e71       0x72 c:/program files (x86)/microchip/xc32/v1.30/bin/../lib/gcc/pic32mx/4.5.2/../../../../pic32mx/lib\libmchp_peripheral_32MX250F128B.a(int_enable_interrupts_lib.o)
 .debug_line    0x00000ee3        0x0 c:/program files (x86)/microchip/xc32/v1.30/bin/../lib/gcc/pic32mx/4.5.2/../../../../pic32mx/lib\libmchp_peripheral_32MX250F128B.a(I2CPrivate.o)
 .debug_line    0x00000ee3       0x97 c:/program files (x86)/microchip/xc32/v1.30/bin/../lib/gcc/pic32mx/4.5.2/../../../../pic32mx/lib\libpic32.a(default-bootstrap-exception-handler.o)
 .debug_line    0x00000f7a       0x84 c:/program files (x86)/microchip/xc32/v1.30/bin/../lib/gcc/pic32mx/4.5.2/../../../../pic32mx/lib\libpic32.a(default-on-reset.o)
 .debug_line    0x00000ffe       0x88 c:/program files (x86)/microchip/xc32/v1.30/bin/../lib/gcc/pic32mx/4.5.2/../../../../pic32mx/lib\libpic32.a(default-on-bootstrap.o)
 .debug_line    0x00001086        0x0 c:/program files (x86)/microchip/xc32/v1.30/bin/../lib/gcc/pic32mx/4.5.2/../../../../pic32mx/lib\libpic32.a(errno.o)
 .debug_line    0x00001086       0x79 c:/program files (x86)/microchip/xc32/v1.30/bin/../lib/gcc/pic32mx/4.5.2/../../../../pic32mx/lib\libpic32.a(isinf.o)
 .debug_line    0x000010ff       0x95 c:/program files (x86)/microchip/xc32/v1.30/bin/../lib/gcc/pic32mx/4.5.2/../../../../pic32mx/lib\libpic32.a(default-general-exception-handler.o)
 .debug_line    0x00001194       0x96 c:/program files (x86)/microchip/xc32/v1.30/bin/../lib/gcc/pic32mx/4.5.2/../../../../pic32mx/lib\libpic32.a(defaultinterrupt.o)
 .debug_line    0x0000122a       0x7f c:/program files (x86)/microchip/xc32/v1.30/bin/../lib/gcc/pic32mx/4.5.2/../../../../pic32mx/lib\libe.a(_unorddf2.o)

.debug_frame    0x00000000      0x78c
 *(.debug_frame)
 .debug_frame   0x00000000       0xf8 build/default/production/source/main.o
 .debug_frame   0x000000f8      0x22c build/default/production/source/mpu6050.o
 .debug_frame   0x00000324       0x34 c:/program files (x86)/microchip/xc32/v1.30/bin/../lib/gcc/pic32mx/4.5.2/../../../../pic32mx/lib\libm.a(w_pow.o)
 .debug_frame   0x00000358       0x2c c:/program files (x86)/microchip/xc32/v1.30/bin/../lib/gcc/pic32mx/4.5.2/../../../../pic32mx/lib\libm.a(w_sqrt.o)
 .debug_frame   0x00000384       0x28 c:/program files (x86)/microchip/xc32/v1.30/bin/../lib/gcc/pic32mx/4.5.2/../../../../pic32mx/lib\libmchp_peripheral_32MX250F128B.a(int_enable_mv_int_lib.o)
 .debug_frame   0x000003ac       0x90 c:/program files (x86)/microchip/xc32/v1.30/bin/../lib/gcc/pic32mx/4.5.2/../../../../pic32mx/lib\libmchp_peripheral_32MX250F128B.a(uart_lib.o)
 .debug_frame   0x0000043c       0x20 c:/program files (x86)/microchip/xc32/v1.30/bin/../lib/gcc/pic32mx/4.5.2/../../../../pic32mx/lib\libmchp_peripheral_32MX250F128B.a(I2CBusIsIdle.o)
 .debug_frame   0x0000045c       0x20 c:/program files (x86)/microchip/xc32/v1.30/bin/../lib/gcc/pic32mx/4.5.2/../../../../pic32mx/lib\libmchp_peripheral_32MX250F128B.a(I2CByteWasAcknowledged.o)
 .debug_frame   0x0000047c       0x20 c:/program files (x86)/microchip/xc32/v1.30/bin/../lib/gcc/pic32mx/4.5.2/../../../../pic32mx/lib\libmchp_peripheral_32MX250F128B.a(I2CEnable.o)
 .debug_frame   0x0000049c       0x20 c:/program files (x86)/microchip/xc32/v1.30/bin/../lib/gcc/pic32mx/4.5.2/../../../../pic32mx/lib\libmchp_peripheral_32MX250F128B.a(I2CGetByte.o)
 .debug_frame   0x000004bc       0x20 c:/program files (x86)/microchip/xc32/v1.30/bin/../lib/gcc/pic32mx/4.5.2/../../../../pic32mx/lib\libmchp_peripheral_32MX250F128B.a(I2CGetStatus.o)
 .debug_frame   0x000004dc       0x20 c:/program files (x86)/microchip/xc32/v1.30/bin/../lib/gcc/pic32mx/4.5.2/../../../../pic32mx/lib\libmchp_peripheral_32MX250F128B.a(I2CReceivedDataIsAvailable.o)
 .debug_frame   0x000004fc       0x20 c:/program files (x86)/microchip/xc32/v1.30/bin/../lib/gcc/pic32mx/4.5.2/../../../../pic32mx/lib\libmchp_peripheral_32MX250F128B.a(I2CReceiverEnable.o)
 .debug_frame   0x0000051c       0x20 c:/program files (x86)/microchip/xc32/v1.30/bin/../lib/gcc/pic32mx/4.5.2/../../../../pic32mx/lib\libmchp_peripheral_32MX250F128B.a(I2CRepeatStart.o)
 .debug_frame   0x0000053c       0x20 c:/program files (x86)/microchip/xc32/v1.30/bin/../lib/gcc/pic32mx/4.5.2/../../../../pic32mx/lib\libmchp_peripheral_32MX250F128B.a(I2CSendByte.o)
 .debug_frame   0x0000055c       0x20 c:/program files (x86)/microchip/xc32/v1.30/bin/../lib/gcc/pic32mx/4.5.2/../../../../pic32mx/lib\libmchp_peripheral_32MX250F128B.a(I2CSetFrequency.o)
 .debug_frame   0x0000057c       0x20 c:/program files (x86)/microchip/xc32/v1.30/bin/../lib/gcc/pic32mx/4.5.2/../../../../pic32mx/lib\libmchp_peripheral_32MX250F128B.a(I2CStart.o)
 .debug_frame   0x0000059c       0x20 c:/program files (x86)/microchip/xc32/v1.30/bin/../lib/gcc/pic32mx/4.5.2/../../../../pic32mx/lib\libmchp_peripheral_32MX250F128B.a(I2CStop.o)
 .debug_frame   0x000005bc       0x20 c:/program files (x86)/microchip/xc32/v1.30/bin/../lib/gcc/pic32mx/4.5.2/../../../../pic32mx/lib\libmchp_peripheral_32MX250F128B.a(I2CTransmissionHasCompleted.o)
 .debug_frame   0x000005dc       0x20 c:/program files (x86)/microchip/xc32/v1.30/bin/../lib/gcc/pic32mx/4.5.2/../../../../pic32mx/lib\libmchp_peripheral_32MX250F128B.a(I2CTransmitterIsReady.o)
 .debug_frame   0x000005fc       0x20 c:/program files (x86)/microchip/xc32/v1.30/bin/../lib/gcc/pic32mx/4.5.2/../../../../pic32mx/lib\libmchp_peripheral_32MX250F128B.a(int_enable_interrupts_lib.o)
 .debug_frame   0x0000061c       0x28 c:/program files (x86)/microchip/xc32/v1.30/bin/../lib/gcc/pic32mx/4.5.2/../../../../pic32mx/lib\libpic32.a(default-bootstrap-exception-handler.o)
 .debug_frame   0x00000644       0x20 c:/program files (x86)/microchip/xc32/v1.30/bin/../lib/gcc/pic32mx/4.5.2/../../../../pic32mx/lib\libpic32.a(default-on-reset.o)
 .debug_frame   0x00000664       0x20 c:/program files (x86)/microchip/xc32/v1.30/bin/../lib/gcc/pic32mx/4.5.2/../../../../pic32mx/lib\libpic32.a(default-on-bootstrap.o)
 .debug_frame   0x00000684       0xa0 c:/program files (x86)/microchip/xc32/v1.30/bin/../lib/gcc/pic32mx/4.5.2/../../../../pic32mx/lib\libpic32.a(isinf.o)
 .debug_frame   0x00000724       0x28 c:/program files (x86)/microchip/xc32/v1.30/bin/../lib/gcc/pic32mx/4.5.2/../../../../pic32mx/lib\libpic32.a(default-general-exception-handler.o)
 .debug_frame   0x0000074c       0x20 c:/program files (x86)/microchip/xc32/v1.30/bin/../lib/gcc/pic32mx/4.5.2/../../../../pic32mx/lib\libpic32.a(defaultinterrupt.o)
 .debug_frame   0x0000076c       0x20 c:/program files (x86)/microchip/xc32/v1.30/bin/../lib/gcc/pic32mx/4.5.2/../../../../pic32mx/lib\libe.a(_unorddf2.o)

.debug_str      0x00000000      0x1fc
 *(.debug_str)
 .debug_str     0x00000000      0x1af build/default/production/source/main.o
 .debug_str     0x000001af       0x4d build/default/production/source/mpu6050.o
 .debug_str     0x000001fc        0x0 c:/program files (x86)/microchip/xc32/v1.30/bin/../lib/gcc/pic32mx/4.5.2/../../../../pic32mx/lib\libm.a(w_pow.o)
 .debug_str     0x000001fc        0x0 c:/program files (x86)/microchip/xc32/v1.30/bin/../lib/gcc/pic32mx/4.5.2/../../../../pic32mx/lib\libm.a(w_sqrt.o)
 .debug_str     0x000001fc        0x0 c:/program files (x86)/microchip/xc32/v1.30/bin/../lib/gcc/pic32mx/4.5.2/../../../../pic32mx/lib\libm.a(s_lib_ver.o)
 .debug_str     0x000001fc        0x0 c:/program files (x86)/microchip/xc32/v1.30/bin/../lib/gcc/pic32mx/4.5.2/../../../../pic32mx/lib\libmchp_peripheral_32MX250F128B.a(int_enable_mv_int_lib.o)
 .debug_str     0x000001fc        0x0 c:/program files (x86)/microchip/xc32/v1.30/bin/../lib/gcc/pic32mx/4.5.2/../../../../pic32mx/lib\libmchp_peripheral_32MX250F128B.a(uart_lib.o)
 .debug_str     0x000001fc        0x0 c:/program files (x86)/microchip/xc32/v1.30/bin/../lib/gcc/pic32mx/4.5.2/../../../../pic32mx/lib\libmchp_peripheral_32MX250F128B.a(I2CBusIsIdle.o)
 .debug_str     0x000001fc        0x0 c:/program files (x86)/microchip/xc32/v1.30/bin/../lib/gcc/pic32mx/4.5.2/../../../../pic32mx/lib\libmchp_peripheral_32MX250F128B.a(I2CByteWasAcknowledged.o)
 .debug_str     0x000001fc        0x0 c:/program files (x86)/microchip/xc32/v1.30/bin/../lib/gcc/pic32mx/4.5.2/../../../../pic32mx/lib\libmchp_peripheral_32MX250F128B.a(I2CEnable.o)
 .debug_str     0x000001fc        0x0 c:/program files (x86)/microchip/xc32/v1.30/bin/../lib/gcc/pic32mx/4.5.2/../../../../pic32mx/lib\libmchp_peripheral_32MX250F128B.a(I2CGetByte.o)
 .debug_str     0x000001fc        0x0 c:/program files (x86)/microchip/xc32/v1.30/bin/../lib/gcc/pic32mx/4.5.2/../../../../pic32mx/lib\libmchp_peripheral_32MX250F128B.a(I2CGetStatus.o)
 .debug_str     0x000001fc        0x0 c:/program files (x86)/microchip/xc32/v1.30/bin/../lib/gcc/pic32mx/4.5.2/../../../../pic32mx/lib\libmchp_peripheral_32MX250F128B.a(I2CReceivedDataIsAvailable.o)
 .debug_str     0x000001fc        0x0 c:/program files (x86)/microchip/xc32/v1.30/bin/../lib/gcc/pic32mx/4.5.2/../../../../pic32mx/lib\libmchp_peripheral_32MX250F128B.a(I2CReceiverEnable.o)
 .debug_str     0x000001fc        0x0 c:/program files (x86)/microchip/xc32/v1.30/bin/../lib/gcc/pic32mx/4.5.2/../../../../pic32mx/lib\libmchp_peripheral_32MX250F128B.a(I2CRepeatStart.o)
 .debug_str     0x000001fc        0x0 c:/program files (x86)/microchip/xc32/v1.30/bin/../lib/gcc/pic32mx/4.5.2/../../../../pic32mx/lib\libmchp_peripheral_32MX250F128B.a(I2CSendByte.o)
 .debug_str     0x000001fc        0x0 c:/program files (x86)/microchip/xc32/v1.30/bin/../lib/gcc/pic32mx/4.5.2/../../../../pic32mx/lib\libmchp_peripheral_32MX250F128B.a(I2CSetFrequency.o)
 .debug_str     0x000001fc        0x0 c:/program files (x86)/microchip/xc32/v1.30/bin/../lib/gcc/pic32mx/4.5.2/../../../../pic32mx/lib\libmchp_peripheral_32MX250F128B.a(I2CStart.o)
 .debug_str     0x000001fc        0x0 c:/program files (x86)/microchip/xc32/v1.30/bin/../lib/gcc/pic32mx/4.5.2/../../../../pic32mx/lib\libmchp_peripheral_32MX250F128B.a(I2CStop.o)
 .debug_str     0x000001fc        0x0 c:/program files (x86)/microchip/xc32/v1.30/bin/../lib/gcc/pic32mx/4.5.2/../../../../pic32mx/lib\libmchp_peripheral_32MX250F128B.a(I2CTransmissionHasCompleted.o)
 .debug_str     0x000001fc        0x0 c:/program files (x86)/microchip/xc32/v1.30/bin/../lib/gcc/pic32mx/4.5.2/../../../../pic32mx/lib\libmchp_peripheral_32MX250F128B.a(I2CTransmitterIsReady.o)
 .debug_str     0x000001fc        0x0 c:/program files (x86)/microchip/xc32/v1.30/bin/../lib/gcc/pic32mx/4.5.2/../../../../pic32mx/lib\libmchp_peripheral_32MX250F128B.a(int_enable_interrupts_lib.o)
 .debug_str     0x000001fc        0x0 c:/program files (x86)/microchip/xc32/v1.30/bin/../lib/gcc/pic32mx/4.5.2/../../../../pic32mx/lib\libmchp_peripheral_32MX250F128B.a(I2CPrivate.o)
 .debug_str     0x000001fc        0x0 c:/program files (x86)/microchip/xc32/v1.30/bin/../lib/gcc/pic32mx/4.5.2/../../../../pic32mx/lib\libpic32.a(default-bootstrap-exception-handler.o)
 .debug_str     0x000001fc        0x0 c:/program files (x86)/microchip/xc32/v1.30/bin/../lib/gcc/pic32mx/4.5.2/../../../../pic32mx/lib\libpic32.a(default-on-reset.o)
 .debug_str     0x000001fc        0x0 c:/program files (x86)/microchip/xc32/v1.30/bin/../lib/gcc/pic32mx/4.5.2/../../../../pic32mx/lib\libpic32.a(default-on-bootstrap.o)
 .debug_str     0x000001fc        0x0 c:/program files (x86)/microchip/xc32/v1.30/bin/../lib/gcc/pic32mx/4.5.2/../../../../pic32mx/lib\libpic32.a(errno.o)
 .debug_str     0x000001fc        0x0 c:/program files (x86)/microchip/xc32/v1.30/bin/../lib/gcc/pic32mx/4.5.2/../../../../pic32mx/lib\libpic32.a(isinf.o)
 .debug_str     0x000001fc        0x0 c:/program files (x86)/microchip/xc32/v1.30/bin/../lib/gcc/pic32mx/4.5.2/../../../../pic32mx/lib\libpic32.a(default-general-exception-handler.o)
 .debug_str     0x000001fc        0x0 c:/program files (x86)/microchip/xc32/v1.30/bin/../lib/gcc/pic32mx/4.5.2/../../../../pic32mx/lib\libpic32.a(defaultinterrupt.o)
 .debug_str     0x000001fc        0x0 c:/program files (x86)/microchip/xc32/v1.30/bin/../lib/gcc/pic32mx/4.5.2/../../../../pic32mx/lib\libe.a(_unorddf2.o)

.debug_loc
 *(.debug_loc)

.debug_macinfo
 *(.debug_macinfo)

.debug_weaknames
 *(.debug_weaknames)

.debug_funcnames
 *(.debug_funcnames)

.debug_typenames
 *(.debug_typenames)

.debug_varnames
 *(.debug_varnames)

.debug_pubtypes
                0x00000000      0x251
 *(.debug_pubtypes)
 .debug_pubtypes
                0x00000000      0x19a build/default/production/source/main.o
 .debug_pubtypes
                0x0000019a       0xb7 build/default/production/source/mpu6050.o

.debug_ranges   0x00000000      0x148
 *(.debug_ranges)
 .debug_ranges  0x00000000       0x10 c:/program files (x86)/microchip/xc32/v1.30/bin/../lib/gcc/pic32mx/4.5.2/../../../../pic32mx/lib\libmchp_peripheral_32MX250F128B.a(int_enable_mv_int_lib.o)
 .debug_ranges  0x00000010       0x48 c:/program files (x86)/microchip/xc32/v1.30/bin/../lib/gcc/pic32mx/4.5.2/../../../../pic32mx/lib\libmchp_peripheral_32MX250F128B.a(uart_lib.o)
 .debug_ranges  0x00000058       0x10 c:/program files (x86)/microchip/xc32/v1.30/bin/../lib/gcc/pic32mx/4.5.2/../../../../pic32mx/lib\libmchp_peripheral_32MX250F128B.a(I2CBusIsIdle.o)
 .debug_ranges  0x00000068       0x10 c:/program files (x86)/microchip/xc32/v1.30/bin/../lib/gcc/pic32mx/4.5.2/../../../../pic32mx/lib\libmchp_peripheral_32MX250F128B.a(I2CByteWasAcknowledged.o)
 .debug_ranges  0x00000078       0x10 c:/program files (x86)/microchip/xc32/v1.30/bin/../lib/gcc/pic32mx/4.5.2/../../../../pic32mx/lib\libmchp_peripheral_32MX250F128B.a(I2CEnable.o)
 .debug_ranges  0x00000088       0x10 c:/program files (x86)/microchip/xc32/v1.30/bin/../lib/gcc/pic32mx/4.5.2/../../../../pic32mx/lib\libmchp_peripheral_32MX250F128B.a(I2CGetByte.o)
 .debug_ranges  0x00000098       0x10 c:/program files (x86)/microchip/xc32/v1.30/bin/../lib/gcc/pic32mx/4.5.2/../../../../pic32mx/lib\libmchp_peripheral_32MX250F128B.a(I2CGetStatus.o)
 .debug_ranges  0x000000a8       0x10 c:/program files (x86)/microchip/xc32/v1.30/bin/../lib/gcc/pic32mx/4.5.2/../../../../pic32mx/lib\libmchp_peripheral_32MX250F128B.a(I2CReceivedDataIsAvailable.o)
 .debug_ranges  0x000000b8       0x10 c:/program files (x86)/microchip/xc32/v1.30/bin/../lib/gcc/pic32mx/4.5.2/../../../../pic32mx/lib\libmchp_peripheral_32MX250F128B.a(I2CReceiverEnable.o)
 .debug_ranges  0x000000c8       0x10 c:/program files (x86)/microchip/xc32/v1.30/bin/../lib/gcc/pic32mx/4.5.2/../../../../pic32mx/lib\libmchp_peripheral_32MX250F128B.a(I2CRepeatStart.o)
 .debug_ranges  0x000000d8       0x10 c:/program files (x86)/microchip/xc32/v1.30/bin/../lib/gcc/pic32mx/4.5.2/../../../../pic32mx/lib\libmchp_peripheral_32MX250F128B.a(I2CSendByte.o)
 .debug_ranges  0x000000e8       0x10 c:/program files (x86)/microchip/xc32/v1.30/bin/../lib/gcc/pic32mx/4.5.2/../../../../pic32mx/lib\libmchp_peripheral_32MX250F128B.a(I2CSetFrequency.o)
 .debug_ranges  0x000000f8       0x10 c:/program files (x86)/microchip/xc32/v1.30/bin/../lib/gcc/pic32mx/4.5.2/../../../../pic32mx/lib\libmchp_peripheral_32MX250F128B.a(I2CStart.o)
 .debug_ranges  0x00000108       0x10 c:/program files (x86)/microchip/xc32/v1.30/bin/../lib/gcc/pic32mx/4.5.2/../../../../pic32mx/lib\libmchp_peripheral_32MX250F128B.a(I2CStop.o)
 .debug_ranges  0x00000118       0x10 c:/program files (x86)/microchip/xc32/v1.30/bin/../lib/gcc/pic32mx/4.5.2/../../../../pic32mx/lib\libmchp_peripheral_32MX250F128B.a(I2CTransmissionHasCompleted.o)
 .debug_ranges  0x00000128       0x10 c:/program files (x86)/microchip/xc32/v1.30/bin/../lib/gcc/pic32mx/4.5.2/../../../../pic32mx/lib\libmchp_peripheral_32MX250F128B.a(I2CTransmitterIsReady.o)
 .debug_ranges  0x00000138       0x10 c:/program files (x86)/microchip/xc32/v1.30/bin/../lib/gcc/pic32mx/4.5.2/../../../../pic32mx/lib\libmchp_peripheral_32MX250F128B.a(int_enable_interrupts_lib.o)

.gnu.attributes
                0x00000000       0x10